12 000 texts in february
a temporary tattoo on him
and i didn't know and
<s> sweet retweet noreservations word
ass off are you having
=( kinda raging </s> </s>
i'll be rocking this at
know and it's its sold
don't want to </s> </s>
space time continuum somehow </s>
1st 4 episodes maybe got
sites so that's why it
i miss them :l grrrr
god that song tells my
in 140 characters dx </s>
<s> at lambert's with the
<s> <s> you guys not
what i'm gonna change my
kinda sad actually </s> </s>
to agree yes definitely ahaha
ones on your list so
it would be =( kinda
aunt does accupuncture for her
that the council would have
right back and never come
<s> <s> procrastination is taking
my white pasty a s
that tomorrow at 2 00
<s> <s> y'all know where
guy 47 you </s> </s>
to get at me ;)
the mac help </s> </s>
has read i'm totally ready
call good music xd </s>
can't wait until saturday guys
grabbed on to her pants
start a restaurant </s> </s>
its so fucking gay love
rawrr i don't even feel
do you know what busstop
<s> you're about to be
out more because i've been
ass off you don't want
until saturday guys </s> </s>
would have preferred a butterfinger
then friend's birthday get together
in a few </s> </s>
i am stupid :) </s>
if theres only one side
your so fine :) laughing
<s> <s> are you serious
<s> <s> about to party
see my doctor she can't
tomorrow anyone wanna come with
home from church chilled with
is over for me </s>
my hands under my dress
it thanks boo </s> </s>
can start roasting </s> </s>
lexylove turrislove09 and i miss
out :o) stealing the definitions
kinda <-< message for the
<s> <s> wasn't as good
<s> a hideous beast that
the only people drinking booze
me some popsicles </s> </s>
with my family drinking waiting
loud stop changing your name
a shot retweet robyndtf having
no pay makes jack a
hand :( probably 8 pm
<s> <s> i've been looking
think i finished finally making
you know your so fine
is so awful by the
now and retweet :)))) </s>
car and filling the trunk
my braces off 1 more
<s> <s> oh yeah well
<s> ohhhh my god that
boy was fine i used
let's get laid yee i
song we love joe just
<s> it's hilarious that all
you got too much going
<s> cuz they're pretty *-*
get some exercise </s> </s>
the entire building snif </s>
<s> <s> staying in and
<s> <s> just got my
for mac don't think we
my good sorority dereon 7
<s> getting popsicles with my
hahaha i didn't even get
<s> <s> can't wait to
its friday i'm stoked i
and i grabbed on to
i hate feeling hungry all
catch up with deli est
a cheesesteak for lunch yummy
<s> mochajane i'm sure evan
that i don't care but
yes hahaha i've got like
<s> <s> yeah it was
me happy birthday on sunday
just saw you mannnn =)
72 not too shabby eh
can you answer me what
with the family like we's
a while to get used
potomac praying traffic is ok
just did asshole </s> </s>
i ate too much at
just got paid let's get
clean my freaking bike </s>
be late because enough people
fun do you know what
if you don't wanna tell
cutest teenager ever </s> </s>
know we ain't gonna trend
people in seattle that car
seeing ke because i'll give
had some waffles :( </s>
to get together </s> </s>
hunters international with my hubby
to the douchebags on twitter
you don't even know what
said you didn't want to
know what i'm gonna change
supposed to be running </s>
shortest word for me is
finally home it's its hot
missing my girlfriend </s> </s>
<s> yesss greek you watch
ask me and i will
johns hopkins away </s> </s>
green tea frappucinos are good
lick's and amy's wow </s>
know that please take me
kind of tattoo did you
love that though :) </s>
be home with the family
night y'all slept over </s>
scrubs episodes conditioning and then
are we supposed to dress
get there you can have
of my cousin 'the car
get used to them </s>
<s> you guys not got
ain't you supposed to be
on you to get at
having a wonderful holiday :)
get it together with these
fireants and it's its the
<s> i can't wait to
the ownage vocabulary cacaslap </s>
at the merchandise right in
<s> <s> oh nice laughing
at this text i just
so many friends that wanted
russians papers for money </s>
to come jeremiah 33 </s>
much going for you and
thanks to you i will
girl then friend's birthday get
portion control and go veggie
more because i've been using
chatting with people on twitter
thought it would be =(
good morning livejournal :) the
opening day yes </s> </s>
to party with the family
<s> <s> god this movie
from the gym :] </s>
tomorrow night with performances by
back from austin's birthday party
711 bbq wings </s> </s>
<s> goood morning today is
got paid let's get let's
i need to be up
<s> <s> freaking hungry waiting
you i don't have a
the weather i'm lazy and
<s> <s> probably should be
perfect and it's its friday
the worst feeling ever </s>
<s> as much as i
so much fun </s> </s>
beltway tweet you later </s>
frappucinos are good :) </s>
tell me it's its fine
<s> <s> cleaning out my
<s> do you play xbox
going for you and what
culture clever with puns and
statistics diet etcetera </s> </s>
i'm gonna change my identity
1 more week </s> </s>
black until you put the
<s> the shortest word for
and i would have to
happens when i'm wide awake
tea frappucinos are good :)
my advanced classes after all
least i didn't lose 20
pretty easy to use it
<s> <s> no but it
if i happened to never
to precalc so i might
for me too :( </s>
going to be one of
that i haven't seen in
twitter on your mobile might
than charity beggars in a
to be running </s> </s>
with jazzie haven't seen her
baseball score application for iphone
in the third world wollongong
just certain ones :) </s>
tomorrow oh and i hope
one wayer i'm in the
at friday april 10 11
after 10 o'clock are all
twitter now gay </s> </s>
show some love :) and
but still go to the
guess i don't really know
rabbit ride that's all i
ing if you go through
<s> <s> ain't sh t
i don't wanna go to
<s> ain't you supposed to
moulting period for me in
to go shoppin' and hang
los angeles thanks for the
doing a good job at
<s> paris hilton's my new
sorry i didn't mean that
was fake fire </s> </s>
arrived 2 hours late so
<s> this motherfucker is going
love the second verse </s>
<s> <s> good morning tweet
a happy birthday but it
a story tomorrow </s> </s>
and fish for my eating
going on the blogtv xd
<s> <s> you have to
by 545 that'll be hard
off are you having fun
about sex that's why noone
least in first draft by
welsh sun and wondering if
do with your hands </s>
miss your tweets </s> </s>
be ok with taking a
is always referring to </s>
is effin' dragging must stop
need to open </s> </s>
skip divinci and beef wellington
i guess vodafone has some
<s> <s> you're about to
you rock girl </s> </s>
it's its fine nayy </s>
no signal no d; </s>
kind of like wetting your
look like it's its gonna
<s> wow that's like more
like he don't </s> </s>
getting heavy think ima try
bitch i blame it on
staying in and didn't realize
home chilling watching a movie
got paid let's get laid
you see you in a
i need to follow some
going to relax </s> </s>
treadmill is fun (: </s>
kill the rabbit running through
i will be getting swino
ass and you need to
from these rubber bands bahh
<s> <s> why am i
pasghetti or macaroni and cheese
have kill the rabbit running
<s> <s> you got too
<s> at anthony's about to
you don't want to </s>
on <3 love this show
me while roller blading and
up is so good to
it back what's going on
with camera to do bpo
put a temporary tattoo on
4 muchoo fun :d went
to be in the same
misadventures of flapjack i've been
the couch watching the cubs
<s> <s> your web site
<s> are you serious that
win tickets you gotta be
you go especially when you
and 10 and 11 of
your face that's for the
watching the teen choice awards
at least you malia had
care about you bitch kiss
stati just sayin' </s> </s>
think i'm dying </s> </s>
depp play saxophone at three
twitter you know that please
get too blurry that it
one of favorites is innocent
even telling you this </s>
to sleep night </s> </s>
god it's takin' forever to
:) i'm excited </s> </s>
it's its going to be
=( been replying him but
this movie sucks good why
<s> <s> yay might be
going to work out then
go veggie and fish for
<s> with people in seattle
was not cool at least
<s> <s> hi demi d
bus home because of that
<s> eyes getting heavy think
he's a youngun no thanks
was a sister xd </s>
airport had maudie's salt lick's
wanna see you i don't
<s> <s> chilling like it's
i should actually have 3
some of the ones on
will be getting swino </s>
shit to people unless you
:) i love me some
looks like ants attacked back
really humid because of the
i were listening to volent
9 of y'all either got
back home and now gonna
me you didn't buy that
ahh i don't even have
i'm lazy and just wanns
to the doctor for yet
oh yeah it's its going
yeah thanks to you i
<s> <s> florida in a
beef wellington and more you
well how about some of
<s> yeah thanks to you
movie i'm watching is that
sweetest word for me is
enjoy it thanks boo </s>
toilet paper cursing nss </s>
to go shopping :( </s>
that girl you like her
umm there probably is i
trip to kylie's farm </s>
<s> been trying to go
something i didn't get any
you go through with it
<s> <s> ain't you supposed
with my niggas leo daniel
:) yay coming home now
the house and back on
<s> <s> it's its friday
traffic this thanks to truck
<s> im sitting at home
getting a bunny as soon
on the treadmill is fun
or macaroni and cheese for
get any cause nessyburger was
had shorts and i had
other day really good movie
know your so fine :)
for the day going swimming
end up with another byzantine
today was fun now who
b oreddd don't know what
gonna finish editing video </s>
my schedule change :d the
hate the dentist too </s>
if so please reply :)
<s> <s> it's its my
louisville today i've got the
everyone who received the lesbian
:) i texted you last
the pool at the j
dripped and everything </s> </s>
<s> <s> i'm sorry i
back in business :] </s>
go through with it i
<s> i'm wicked mad my
them to clients </s> </s>
this true retweet leapsean maggies
<s> <s> with people in
the door with camera to
<s> <s> i've always been
off you don't want to
to robeks getting a malaho
superfreak was playing when i
it i don't want to
get to rally's </s> </s>
<s> i don't wanna go
for ya'll until these labels
<s> if you don't wanna
<s> word baltimore is in
be another one anytime soon
good distraction and gives you
<s> reagan flattened the tax
the night y'all slept over
<s> <s> twitter family don't
favorites is innocent love the
and kisses text </s> </s>
gives you something to do
<s> twitter family don't be
stupid idea therefore i guess
tax code back in the
daughtry and working :) surprised
just got paid let's get
<s> <s> wait till you
ethical prob with cloning they
<s> <s> don't no body
browsing russians papers for money
coming home now wait for
did i miss something i
let's get let's get </s>
<s> downtown charleston and lunch
twitter family don't be mad
i wanna see you i
awesome but i'm all sweaty
i am messed up lot
i been bumping that slaughterhouse
am i awake at 430
check at friday april 10
when i didn't go to
3 times to say it
<s> at hubby's then going
sounds like y'all had an
to my dad's house :d
on twitter retweet aubreyfleming </s>
half men guaranteed laugh </s>
<s> concert and dinner by
what a beautiful day at
<s> ummm who doesn't like
ahaha that woulda guaranteed them
its going to be one
we got you 25k now
<s> the baddest man on
for you and what kinda
up lot to drink but
from austin's birthday party it
layn here watching t v
<s> <s> sophomore year is
today gotta long way to
about to be in the
me today because i'm floodin
gotta tweet statistics diet etcetera
pok so maybe i'm addicted
<s> i'm sorry (: hope
at home chilling watching a
out loud what they're pretty
<s> <s> shit i do
go shoppin' and hang tomorrow
like wetting your pants in
any twitter applications that are
live in guadalupe with grandma
davedresden vocal tracks are like
and gives you something to
too much at dinner :(
<s> <s> finally getting to
<s> i could say that
<s> is wondering how to
fell down to her knees
agree yes definitely ahaha that
<s> <s> can't belive i
uknowufrombham when you know we
market day you could that
even more exciting </s> </s>
to dance at 5 00
to be douche bags ;)
<s> <s> starting to feel
is new to me but
about how texas can separate
effin nerves sometimes </s> </s>
fly with javascript weak sauce
was an interesting last 10
i love family time enjoy
<s> i wished i had
eating subway with my niggas
code back in the 80s
<s> security guards made us
depeche mode concert to begin
instead i'm chillaxing on the
some major fun there cause
that roger rabbit ride that's
<s> good morning usa a
only one for me is
i need to portion control
you d retweet splinteredmind paisano
today because i'm floodin time
mall at least i didn't
papers for money </s> </s>
my daughter birthday </s> </s>
<s> i don't really see
a girl that's a good
hadn't ahhh so close to
planned out before i went
<s> i know laughing my
what busstop i'm at laughing
the j with james perfect
my gosh i'm getting a
