you do really good acting
round 6 plus innings of
per day great </s> </s>
catch twitter replies quicker </s>
was like no i can't
see the fuckers trying to
the people you need to
showed how to get into
to know i'm not alone
not drinking for 2weeks </s>
to bed tomorrow getting up
<s> <s> text her fuck
yall thru text message on
about farting too much for
planned out before i went
kid a dollar could get
step and they're done </s>
credit card address we shall
something very important ;) </s>
kirasuzette mmmmhhmmm you definitely going
<s> she likes me shes
laying down resting </s> </s>
my battery finally die </s>
it'll be later at night
get fucked up </s> </s>
1 5 million followers </s>
<s> <s> girl i keep
responsible for anything that you
thru text message on my
my head yesterday </s> </s>
came up with the serious
it is supposed to be
i was supposed to be
the foundation building tomorrow morning
<s> <s> yay i finally
at jordancreek because of the
from 9 a m 11 a
time so between 3 and
<s> <s> hi my name
kind of figured it was
i love them </s> </s>
<s> <s> chilling like it's
my way to napier in
will be okay be back
it is so hot and
plenty of people i don't
<s> i is so tired
to see you're back twittering
get me through a whole
adorable i love camilla i
but do your best to
<s> god doesn't give you
we need to slow down
georgie george that's 2 for
get another until tomorrow :(
is awkward hearing ty's friend
<s> <s> working i have
i think it's its at
in bed sick /: </s>
<s> eyes getting heavy think
<s> <s> officially going to
was like you talk to
class i don't know if
least i don't go psycho
not to communicate </s> </s>
twitter tonight it's its late
baby shelly's birthday (: </s>
<s> <s> why is real
a girl that's a good
<s> <s> yes :) i'm
chliling with my nigger kelz
just close your twitter account
very much goodnight </s> </s>
that changed your name laughing
so yeah i'm not subscribed
<s> i don't like second
day s until i come
cause i can't 'find' the
m 11 a m </s> </s>
so much love on a
i sleep until 11 i
going to relax </s> </s>
go to california </s> </s>
<s> i don't know why
and hannah are the best
<s> just chilling just browsing
go cuz it'll be fun
it on you girl she
killswitch engage first time in
it to foster richndfamous i
<s> i sympathize i have
<s> i wish twitter would
no i can't get another
to hurt you to love
hot and people are wearing
been saying stuff and 4
would be embarrassed </s> </s>
if deliver address different to
s and defense linemen in
who think because they have
not happy with him g
<s> saw document on china
<s> downtown charleston and lunch
big name celebrities on here
somebody talk to me please
i've been bad </s> </s>
karlthia about to die up
i was obsessed with this
kick a little girl </s>
x( i need sleep </s>
of mushroom with croutons at
show i would love to
everything now because i can
house here are some of
here in minute love y
streetstylist keep talking i got
miles to atlanta </s> </s>
i'm paraire dogging i might
<s> twitter family don't be
who have barbeques at 9
the way you meant to
you know what's worth fighting
you but you can be
too long sad idek how
<s> i'm accidentally about 25
<s> getting popsicles with my
<s> is drunk at tjhe
his last girl was always
damn your mom ruining my
<s> <s> true add me
third period sweet </s> </s>
i never see you no
<s> to play tennis i
gwizap looking at airline tickets
i think it's its hilarious
if you remember me please
<s> <s> twitter family don't
twitter family don't be mad
to bed sister you got
baby girl you dont even
i was waiting for </s>
i keep tossing and turning
<s> <s> talking to friends
been a very long day
<s> <s> packing and listening
i feel like i rooka
i would love to hang
<s> don't you just hate
out at dad's house tonite
or anything to do but
you up saying the wrong
ugly betty at work what
anyhow i love timemachine </s>
with his brother </s> </s>
off now you got ladies
fish fry chilling out at
come to school </s> </s>
it back what's going on
he talkinq about his last
have coffee jitters =/ </s>
terrible no luck with up
it or something </s> </s>
moment about to go to
have anything to read or
<s> <s> yeah yall did
<s> <s> what's ellen degenerees
hot outside it's its 105
out friday holler </s> </s>
to me please because i
<s> tejano76 see all those
okay be back tweets xd
mmmmhhmmm you definitely going to
had a quidditch team harry
again obviously and i really
there are any fans of
keep tossing and turning in
<s> i ain't never make
and karlthia about to die
watching hotties run so i
ass :) rolling around like
at 10 a m pacific standard
far from fluorescent </s> </s>
a follower cries :( </s>
see you no more </s>
tomorrow morning at 10 anyone
<s> <s> don't you love
<s> as much as i
follow passionsista that's it </s>
balcony now he's crying to
to love you and to
left 8 minutes late that
its just people have been
we love you but you
anywhere near water except for
aleluia haha yay i had
fuckers trying to come up
trying to figure out how
whass good you get someone
out loud i'll be syren
be mad music </s> </s>
the people you want he
i rooka like a man
how it is </s> </s>
<s> <s> text me manana
thinks the horoscope today was
no 9 cheeseburger steak with
love you twitter </s> </s>
got me obsessed with atl
wait for tomorrow then >:d
<s> <s> hello how do
saturday :d so pumped can't
out loud what's this about
he was funny on late
2 hours because they are
van and i'm paraire dogging
not what you're talking about
the office for 2 hours
i'm totally sleepy |-) i
need a shower =( </s>
<s> <s> and yes mac
it was you that changed
for ya'll until these labels
a <3 you laughing out
on :) april 5 hong
i lost crazy </s> </s>
out loud at fat people
ladies picking you up saying
by 545 that'll be hard
better love you (: </s>
was you that changed your
i keep trying i put
my baby shelly's birthday (:
because i'm flooding time lines
check your messages on myspace
davedresden vocal tracks are like
it's beautiful someday when i
my break laying down resting
cuz i'm doing the nasty
to be chilling at jordancreek
ground is vibrating and the
and the lightning is strong
on my phone dm me
psycho when people make purity
to go shopping :( </s>
getting up for orientation going
doesn't give you the people
got ladies picking you up
officially going to bed tomorrow
<s> <s> where's my brother
about 15 minutes tell tom
know everything that's going on
24 40 minutes on the
fast you're good tysondenhk still
be chilling at jordancreek because
to go to sleep </s>
have a little more rope
<s> <s> yay brighi here
we got you 25 thousand
<s> i feel like i
<s> <s> yes i know
tossing and turning in my
my god yes baby girl
aahhhhh so amazing </s> </s>
tmobile is slipping now i
because i don't see the
he gives you the people
at this text i just
going to be a bitch
<s> <s> it's its just
but my battery finally die
just hate people who think
a great rehearsal last night
you get better love you
and he isn't </s> </s>
know what i'm qonna chanqe
it a night shortly </s>
<s> <s> hanging out at
its a fucking clucker sitting
out loud i'll tell her
for 2 hours because they
<s> i can't think of
with my nigger kelz what
rope in life </s> </s>
totally hot together laughing out
don't be afraid to let
tennis i don't want to
<s> <s> damn so much
out loud don't worry i
they are shooting ugly betty
15 minutes tell tom </s>
we were obsessed with him
my exit because i was
<s> <s> no i lost
guy 47 you </s> </s>
what a beautiful day at
<s> just trying to figure
that the council would have
making tonight so much fun
jesus loves you </s> </s>
such a hassle hahaha :b
see raekwon at the sound
through my neighborhood </s> </s>
and by hello i mean
ah haha don't be afraid
sh t just got it
waiting ghi with my hubby
about 25 meters from the
you can be original ;]
alfamega is beefing wit t
got to holler at yall
of my favorite local tweeps
<s> can you call it
game and getting ready for
see where to go i
you no more </s> </s>
<s> ok that's my big
healthy habits are paying off
<s> <s> headed to philly
<s> tinychat won't let me
and a gorgeous 4 string
i ain't never make it
911 shorty's fire is burning
turning in my bed but
habits are paying off now
place is huge </s> </s>
<s> i love this iphone
if there are any fans
<s> as it's its been
worth fighting for when it's
mean i tried 2 save
this is awkward hearing ty's
daughtry and working :) surprised
<s> just got some new
dorito and everyone laughed </s>
instead of having them laughing
tickets to see where to
point penalty per day great
<s> i'm chliling with my
movie that's probably not what
think of anything more pleasing
on the computer she better
i deadass passed out </s>
out by following you laughing
me today because i'm flooding
than the competition </s> </s>
they're only following 20 smh
me please because i don't
outside so beautiful day for
me some popsicles </s> </s>
i'm chliling with my nigger
why you complaining </s> </s>
not worth dying for </s>
<s> it's outrageous when i
in order to enter their
nigger kelz what it look
fault tho gone out of
i still can't get comfortable
twitter thing out >:-o </s>
second hand smoke me and
bruce kneib and i just
the filming entrance for lost
don't go psycho when people
strong this turbulence is scary
for when it's its not
from the gym :] </s>
best dream ever </s> </s>
goldfischer is boring and a
just wait for tomorrow then
step out today </s> </s>
with the girls </s> </s>
my daughter birthday </s> </s>
could be there </s> </s>
owwwwww i wasn't too sure
it i love animals </s>
i first entered the room
go about achieving it hope
out loud true hahah i
05 pm maybe if i
out loud you going to
back :] you and hannah
today because i'm flooding time
do you know what's worth
water except for a shower
know but it's its such
women in lingerie to pick
airline tickets to see where
at a party outrageous </s>
being a vegetable pretty sure
see all those healthy habits
nerds (: and i really
i need to be up
dinner from scratch </s> </s>
white folks running it laughing
is so gay </s> </s>
to make you exactly the
<s> even though its 10
filming entrance for lost heh
<s> <s> working from home
im rich bitch goodnight =)
eyed peas love it :d
so i couldn't get it
where's my brother i'm home
<s> <s> watching the fireworks
guy from california on stickam
<s> <s> that's a wrong
to be sleeping in late
getting heavy think i'm going
get better love you (:
go to sleep </s> </s>
<s> damn it's its a
can awwwww yeah </s> </s>
i was jamming some alicia
funny on tonight show i
<s> i know laughing my
i have it </s> </s>
season in south dakota </s>
<s> <s> david :) i
worth dying for </s> </s>
going to work out then
<s> <s> chilling at home
the game didn't know there
other day really good movie
be your whipping boy </s>
<s> <s> so hot outside
<s> <s> yay might be
<s> do you know what's
most cute scenic guy from
guy talks way too much
out loud because it sounded
to teach you to hurt
you talk to dorito and
was just cranking lunch in
school i can't wait yay
fire is burning up the
the starting line </s> </s>
if white folks running it
<s> <s> shower yes i
you that changed your name
members has pneumonia and we
out loud ok lah i
i see bullshit phil 4
stuff dodging linebacker s and
work my nigger ka h
ourselves why beanie babies lost
make a conference call uh
at home with my favorite
<s> <s> writing i love
shes so sleepy i love
<s> <s> you and streetstylist
saying stuff and 4 wanted
yet you aren't hmmm </s>
out for you re pr
that movie that's probably not
kisses jesus loves you </s>
is my shit </s> </s>
last chance because i havent
kimkardashian trey songs i need
mr goldfischer is boring and
:) i love me some
on a saturday </s> </s>
me in fort wayne at
<s> <s> hey it is
