nintendo commercial with bey did
in music isn't everyones ok
we got you 25 thousand
agree with you girl </s>
in studio brainstorming looking for
god hoiwww are you sports
even got an </s> </s>
honest i wouldn't give a
boat with everyone </s> </s>
a girl that's a good
raining in massachusetts :p </s>
going to change my identity
together i can't makeout anything
earth day facebook application tweets
ooommgggg immm so hungry and
yours and thop's </s> </s>
package together was more then
and presh are hitting the
say happy birthday to travismtv
thought you weren't </s> </s>
a big old meanie i
<s> <s> shower then off
because i couldn't get out
on me it's its going
re 15 minutes </s> </s>
<s> i just finish working
she's pole dancing she's just
point no faking cooking mc
kickin butt in football so
<s> <s> taking american sign
the osa peninsula corcovado and
tweets on tonight </s> </s>
wait a second that was
a fucking stalker getting everything
with a twittering bird in
the show yeah i will
<s> laying down finally go
still 383 miles to go
back to you boo rt
<s> i don't even know
<s> ohh sorry i didn't
updates off because jamesfvegas is
i think i'll text you
over quantity thanks to my
has a basketball game </s>
<s> <s> i'm sorry :(
<s> twitter family don't be
<s> <s> really don't want
leader takes people where they
times even from my sisses
december but yeah it was
need a spanking night night
it ain't tricking if you
:) we are going to
<s> good morning twitter people
seriously they don't know what
fucking stalker getting everything from
want to sleep </s> </s>
mileycyrus wow your performance is
<s> just tweeting for the
pretty enough to be a
jenna's p90x videos </s> </s>
his student evaluations from the
to anthony's pizza for dinner
<s> <s> traffic wuejfdiwiehfbdkehrbf i
<s> <s> facebook retweet hey
being bored hope everyone has
<s> <s> shades homie woooops
your soul glow </s> </s>
trese you know you can't
mom and grandma woohoo laugh
know you feeling ok </s>
to know it's its the
<s> you deserve all 3
but i sincerely enjoy every
feel quite nauseous after all
because i don't want random
my neighbor don't worry i
i really don't think johnsoncab
that but that's why i'm
but whatever i'm deff going
is editing pictures :) ask
that some bullshit </s> </s>
company of thieves to set
pee so bad katieesherman sorry
<s> <s> man i hate
don't know how for some
<s> i can't remember but
will keep praying i love
raisin bran crunch so much
that angry about the bank
<s> 19 minutes to get
guess when mickey stops appearing
is a really good book
school is over :) getting
and those are where vududoll
car is parked in front
laying down finally go to
<s> i'm peeling like crazy
on here i'm not that
is a common </s> </s>
5 days with my favorite
<s> i haven't tried and
<s> have you heard of
<s> i didn't really like
sorry i didn't know you
3 favorite friends </s> </s>
that without wanting to fight
to a civilization playing addict
ought to be can i
i'm so freaking excited to
the earth kudos to each
god so hot </s> </s>
:d <3 i'm gonna piss
hood half hour movie why
news spreads definitely an example
getting on the bus now
family :) it's its so
i hope you are feeling
talk for free :) </s>
just got around to looking
think of you everytime i
tea that's incredible </s> </s>
is every nigger with long
<s> <s> about to get
<s> lisa it's its ok
s not interesting what i
it back to you boo
for sure there's a roaddogs
now stop pollution </s> </s>
see my daughter she can't
insane i love it </s>
the day with a great
a very naughty girl </s>
<s> <s> bye have fun
a three dollar bill on
lost behind you'll never be
competitive right it's its so
follow me people laugh out
over the system at home
fool thank you crutch4 :-)
<s> those things are so
tour together it's its probably
for my gynecologist than i
a nap so bad </s>
<s> <s> sagging in my
<s> you are a very
looking for accommodation in barossa
kids and you staying locked
find someones cremated remains tossed
you want one </s> </s>
have to pee so bad
love and retweet 's :o)
caught guy with our car
they're the business </s> </s>
<s> you know how i
page as mickey ;) times
<s> i absolutely hate the
i am twitter ingi guess
<s> <s> twitter family don't
google it because surely it
week answering questions so send
loud and i've started eating
can't makeout anything i feel
dripped and everything </s> </s>
bad i ate them all
dinner when you tweeted me
gastown today getting ready to
well thank you :) and
what i meant to say
<s> as much as i
a new room way cool
at a conference </s> </s>
<s> <s> you know how
all these construction workers like
i identify with your tweets
<s> really don't want to
some house renovations 's and
kaulitz he's pretty pretty enough
from the gym :] </s>
year whooo can't wait :)
if this nigger say trials
<s> i'm home from work
really warm though :) setting
know if you can read
of bacon facebook </s> </s>
that the council would have
<s> <s> and my tongue's
how long are you in
go to school tomorrow </s>
it off soon haha </s>
tell me that kakin will
is why people in milwaukee
on what you lost behind
down then hitting up the
that she working that back
the haunted with hooligian micahsaul
<s> <s> hanging out at
so send questions my way
but that's why i'm laughing
motion for me laugh out
think my favorite episode of
diplo collab with chali 2na
i really can't decide </s>
why is raisin bran crunch
readding all day (: </s>
<s> <s> damn is every
<s> <s> getting ready for
and i didn't </s> </s>
at prime tomorrow right </s>
big drinking session lined up
on my cheek laugh out
a large tattooed man was
point of craziness and how
in texas for </s> </s>
bad eggs right </s> </s>
luci but way too tired
<s> <s> jamming to dr
hoiwww are you sports capital
<s> ronnell spelling or like
out two hours ago </s>
bed now trying to figure
<s> <s> i've not the
with my twin </s> </s>
long hair cutting it off
nap best ever </s> </s>
<s> <s> what's up 22
state university spartans with a
watch man versus food the
a pc anymore :\ </s>
or just awesome ;-) </s>
trailer park tomorrow gurfrim </s>
hours of biology today :(
that was so bad fuck
sand volleyball don't know where
i love you guys <3
<s> <s> hi :):):):):):):):):):):):):):):):):):):):): just
my daughter birthday </s> </s>
day facebook application tweets on
<s> <s> yay might be
that 290 people anine is
prayed this morning when i
near me because we'll have
cool but i'm going to
<s> <s> haven't been in
urgh i know the feeling
and i'm super giggly now
my laptop i'm making 1
not that stupid laugh out
dangerous you are alone with
fap in the block toilets
that you just got superhead
extra quick that's all fool
something i really can't decide
studio brainstorming looking for charlie
people like you mundanes </s>
chick give you head with
<s> <s> it's its just
<s> <s> wait till you
<s> <s> i'm going to
this huge mushroom that looked
cream with my twin </s>
a game yup </s> </s>
how do you spell it
next 3 months :) </s>
for your absence but i
stalker getting everything from your
feel the vibe </s> </s>
last night with a car
realized i didn't see fast
me today because i'm flooding
to you tomorrow :) sxceritrean
its all yours laugh out
to niagara peace don't expect
fight with you make up
on the television for the
get a glimpse of it
a m tuesday because they
with my bestie stepharoonie who
pics on flickr excellent </s>
night night love =) </s>
waiting ghi with my hubby
<s> <s> exactly people were
they are thanks </s> </s>
mean that you just got
kaylee is all over the
issues back you go hertz
you ever tried bsn nitrix
feel about something i really
ron paul youtube district of
was to attract your attention
a bitch what's the point
so hungry and everything sounds
down my nigger ready for
in vegas i'm with the
green bay douchebags didn't miss
such bad eggs right </s>
idea what percent of those
:) i'm so excited </s>
and i were playing gears
i am working it is
out even thinking </s> </s>
and i'm tired text me
<s> alright twitter i've decided
yeah me neither </s> </s>
these construction workers like miley
<s> lincoln nebraska if you
poor thing you need someone
<s> <s> tired and i
nigga i never got a
could be something else </s>
<s> i would've been passed
brain cells i've killed by
end of october </s> </s>
<s> my brother is obsessed
need someone to take care
cable my download speed is
to pee so bad katieesherman
walk to remember is so
<s> <s> i'm in the
know what you're referring you
yeah i accidentally tweeted instead
pretty much it's its super
appreciate your faith in me
i hate them :/ </s>
l know it made my
our door at 5 a
it back what's going on
i need to be up
got dance practice bright early
<s> <s> text good thank
do you know if marvo
had an obsession with them
no to getting caught </s>
care of you d e
back of their car </s>
a few years :( is
got a side sticker :]
crutch4 :-) forget t london
being an assassin is a
<s> eyes getting heavy think
back to sleep agggg this
you are feeling well brother
up i've been slacking on
got a text from you
<s> <s> that's what it
alright i definitely will :)
<s> i didn't mean that
over the world :d </s>
<s> <s> waiting for the
it could be something else
<s> aww you cupcaking with
all day just got off
no problem that's what i
don't even know how many
pool :d text </s> </s>
my hair yes back to
best thing ever </s> </s>
children's education veto sb 834
adventure now it's its awesome
the 100 tweets per hour
back to school bash </s>
not even blooming double pay
to say fucking right on
i m listening at the
follow :-) that's at least
i don't know how i
i could have seen that
dreaming about stag's leap cabernet
know you can't do that
makes them very easy to
anine is taking over </s>
proud of you </s> </s>
1 75 million </s> </s>
the cellar loves it </s>
on friendfeed featuring the friendfeed
i played some random joints
i know and i get
happens at roxy's house </s>
m going to work </s>
<s> <s> sitting on my
in isreal with you lovely
i am bored i have
like a fucking stalker getting
out loud what your whole
know it and i saw
daughtry and working :) surprised
text from you -_- the
is currently writing a song
and i need to workout
on the laptop </s> </s>
1 4 picture understood to
with the family :) it's
weekend and some time alone
be a hating on me
<s> i know laughing my
old nsync cover i love
<s> <s> it's its a
notre dame quarterbacks </s> </s>
the only one i noticed
lisa hah i'm talking about
you don't even know what
bad fuck you know what
too do you know if
staying home while we go
<s> <s> it's its a
for the retweet about the
album i like it and
hours good night </s> </s>
it's really competitive right it's
the bahamas baby </s> </s>
some reason you not on
delicious things i've eaten in
to school tomorrow </s> </s>
like everyone else's laugh out
at 17 and missio st
planned out before i went
at 800 gigabyte a quarter
tonight with you baha wow
listen to episode 1012 of
to text you instead of
<s> and she won't give
some how i'm full of
like i don't think you're
in a television show in
just realized that although i've
<s> facebook retweet hey steph
i hope you can :d
long are you in texas
i've been slacking on my
calling her and leaving messages
feels like forever </s> </s>
smoking um what </s> </s>
know you and be like
over them they're the business
city and jamming to taylor
<s> <s> laying down finally
other day really good movie
this 100 degree heat </s>
think about tractors i need
i keep forgetting i have
i wanted to hear shinobi
fell asleep way later than
parked in front of my
hell with the engineering </s>
you for letting me know
instead of replied </s> </s>
rx <3 far cooler than
<s> 5ten i'm a fan
2na would be hot rt
to my wrist </s> </s>
andersoncooper beg for twitter followers
is very cute you all
<s> <s> what's up i've
power those fucking things want
no faking cooking mc 's
<s> downtown charleston and lunch
simpsons and wanting to take
of work chuck norris videos
how have you been </s>
i'm so happy </s> </s>
kidding my bad i'm a
to the doctors ughhhhhhhh </s>
i'm not that stupid laugh
1 2 hours good night
don't know just asking </s>
on it for now sold
train to downtown chicago with
to drinks with dylans web09
i feel you that's why
me some popsicles </s> </s>
be possible no =( </s>
get a witness </s> </s>
yet i don't know what
me feel good :d </s>
feel you that's why i
see some pictures if yoiu
over :) getting on the
<s> i don't want to
<s> getting popsicles with my
that dangerous you are alone
<s> <s> it's its called
but the package together was
d comes through with that
done with laundry yes finally
you :) and yes they
<s> 16 kilometer done now
i didn't really like it
pero thanks baby girl i
mess i shouldn't even worry
to jasmines birthday party tomorrow
to stay there instead of
presh are hitting the pavement
to i'm exhausted i didn't
my pants i'm so happy
was supposed to check was
people who retweet ed our
<s> <s> hey you are
way better it's its a
niagara peace don't expect me
<s> <s> thanks for helping
whole week cleaning up the
aww you cupcaking with vanitilla
<s> my boyfriend just switched
m tuesday because they caught
just finish working out after
locked in and kickin butt
527 and working li </s>
today because i'm flooding time
but still go to the
messages and even got an
what the perfects look like
reach these kids </s> </s>
drive four minutes instead of
not yet next week i
to go shopping :( </s>
<s> <s> hey i am
good day night </s> </s>
<s> <s> loving the weather
<s> <s> waiting for emsters326
then if you got it
with joe because it was
490 a quarter i may
in it's mouth </s> </s>
up in the morning </s>
day i haven't slept on
don't know where everyone is
its so slow at work
hah i'm talking about on
d and tractors don't laugh
blessed my brother what you
the package together was more
<s> <s> people are talking
<s> <s> continued i'm such
at this text i just
all are fantastic :) </s>
the livingroom everywhere </s> </s>
4a m going to work
<s> <s> waiting for company
slap you and theres movies
the world won't be </s>
know what i'm going to
with you girl </s> </s>
people believe it's its ok
to a nice fish dinner
<s> hi chester when'd you
you in texas for </s>
way to mayday :d <3
jake finally admitted he likes
until my birthday wooohoo </s>
they ought to be can
now on i'm going to
stay there instead of dorm
has a mustache </s> </s>
going to relax </s> </s>
in the bed </s> </s>
loud they don't look that
the faint that's all i
a healthcare youtube for view
want it girl laugh out
what you're referring you should
<s> <s> because i don't
in the morning </s> </s>
and my brother taking the
to work tomorrow </s> </s>
<s> but you're on the
you said you going to
it was too serious but
coaching kids and you staying
it was painful </s> </s>
customer service number i'm stuck
she was just extra quick
from twitter loser oh well
:d readding all day (:
not a euphemism </s> </s>
have a dilemma i don't
license ahhh crap </s> </s>
place by the beach 3
have math homework =s </s>
no lie you're amazing </s>
have to go to work
are you actually moving there
have many friends in sl
to dream loving life :-)
people on twitter message me
of the coaching kids and
what a beautiful day at
be a long train ride
yes they are thanks </s>
<s> up and off to
you need someone to take
people some great tweets on
together was more then if
week of absence and it
<s> <s> chilling like it's
will see you at modern
what a bad one :(
with vanitilla and i gotta
my bad i'm a blonde
got a big to do
<s> <s> watching step brother
we probably wouldn't have to
johnsoncab looks anything like nick
good idea to stay there
to take tiffy's car to
some reason it's its not
<s> 1lovelydreamer that's so wonderful
hope you are feeling well
<s> <s> it's its so
a text from you -_-
my pants because i don't
like you though hehhe </s>
don't think you're joking </s>
<s> thanks for helping us
<s> <s> conference with ron
and contemplating going to bed
need more friends to be
jonathanrknight i wouldn't think about
was going through the online
usefullness as george w was
newly edited myspace that picture
asia this year maybe </s>
leaving messages and even got
kind of confused like huh
twitter family don't be mad
getting heavy think i'm going
thanks baby girl i appreciate
<s> <s> thanks for the
brother is obsessed with the
with an assault rifle </s>
random pplz following me after
best for you </s> </s>
<s> <s> people look happy
i do know it and
look happy and lots are
tweets on friday we have
little to nothing from it
overcast here but i do
everything from your twitter </s>
<s> cuddy's keeping me up
me eating with family casbeers
bed but i'm too busy
woke up got a grumbly
books i feel so proud
to be jealous of him
supposed to check was where
science center with lexamuch </s>
guess it wasn't the best
going to work out then
cookies and relaxing :) </s>
and i don't know how
know just asking </s> </s>
i hate that i have
don't know weather i should
early :/ okay so for
beside me and couchsurfingori spitting
<s> <s> jamming out to
hand in satan's claw </s>
out loud thanks where is
:) i love me some
jollibee is good </s> </s>
will follow religion to the
know it's funny </s> </s>
and it's crazy i'll show
arigato yeah that's the ticket
broke the control key </s>
than regular raisin bran </s>
featuring the friendfeed notifier </s>
to be sick ;) :d
i use i'm not worried
comfiest bed i've ever slept
<s> i'm coming home even
<s> <s> forward michwendysdeals stop
day the niggers took over
wearing a fluorescent orange helmet
<s> <s> wants to go
in milwaukee are fats </s>
but i love playing at
pick up drunk hubby had
and you staying locked in
<s> ahhh i'm so happy
this year maybe </s> </s>
they are killing me sniff
00am that equals/is tomorrow right
on the second day they
feeling well brother so proud
because i'm flooding time lines
from twitteronia message me twitter
hanging out at melbourne zoo
to early can't go back
glad my attorney crush insists
