<s> and i'm mad at
<s> we love people as
i hate homework -.- </s>
don't think that's them all
148 wow love you all
on the summer tour atlanta
<s> <s> about to leave
shit i told y'all them
you change your name i
the pi sleeping on the
load of tweets from johna
tired and hungry </s> </s>
you don't worry </s> </s>
<s> <s> at usc pcn
:o i apologize but i
he thinks you're one of
you go back to sleep
them so you go back
<s> i don't understand why
has to work </s> </s>
knows we can't text on
what are you getting done
called fat belly's </s> </s>
<s> <s> all work and
have a safety pin on
overbook myself and then wonder
out loud too bad i
to hang facebook </s> </s>
5 shows per month you
<s> twitter family don't be
know what i'll get the
<s> <s> searching for cameras
the fuck elementary school is
just get naked haha </s>
keenasantara you didn't text me
and grimy though aha </s>
direct message you a while
is david hasselhoff wearing sparkly
i need to be up
miley cyrus becoming a little
i am with my mom
got the cadillac washed </s>
oh shit i'll have to
like he doesn't like it
have a battery that lasts
<s> i was just on
swing with the dudes </s>
out from my roommate in
and write damn </s> </s>
you mean shopping </s> </s>
me today because i'm flooding
guy 47 you </s> </s>
just had to say that
or did you mean shopping
loud plus you'd have no
weeks froch versus taylor next
yeah the tennessee valley authority
<s> 19 minutes to get
your voice equals emailed as
driving now i'll text you
so fun at kelyse8 </s>
:-< i love dc and
dane trying to eat a
<s> <s> chilling at the
at colderice no more like
or whatever you do do
jealous of jasmine's boyfriend he
victims unit making pasta and
a man leaving the store
lostinfiction3 i could've sworn i
like 30 minutes put side
soon :d but my m
have 322 subscribers i didn't
talking i stopped watching porn
see 5 star is 375
you from doing what you
<s> <s> about to have
pay you money for less
a date with ted turner
school is over :) </s>
making some icons waiting for
<s> <s> it's its my
letting me know </s> </s>
her ovary about 1 year
<s> <s> hanging out at
ahh good old country music
had a very interesting day
the morning because of tommcfly
be an animal he wasn't
<s> <s> you ain't kidding
take her now </s> </s>
than 2 hours it's its
a sexy nigger </s> </s>
hope i don't fall asleep
blu ray plus surround sound
not be retweeting every face
we always seem to be
i'm extremely exhausted talk to
ready for volleyball camp </s>
and i didn't play nintendo
need him die finnies </s>
toc people equals priceless yay
business of our own in
should go have a heart
banana bread and we can
me to sleep every day
with me you mess with
it so let's see what
get that reference </s> </s>
funny when niggers think you're
i think i'm literally about
with the family </s> </s>
do you don't want to
<s> <s> y'all ladies outy
2 hours it's its all
its cool don't let me
watch is blinging thanks to
you working studying what are
thing from britney's tour as
would be extreme </s> </s>
been texting between 7 10
just chilling don't want to
<s> thank you and everyone
a girl that's a good
to work soon </s> </s>
to twitter number 3 i'm
are you getting done </s>
<s> mmmmmmmmmm tagliatelles are awesome
for this university </s> </s>
tired :( it's its almost
it's its going fast and
my new hairdo </s> </s>
the net searching for the
like i don't think you're
especially with everything </s> </s>
i'll be asleep in less
<s> morning y'all life is
which sucks for me </s>
going to change my identity
and cheese sandwich </s> </s>
<s> <s> definitely made my
a whities deuce at friends
elevation 3000 meters but not
too so nevermind nigger </s>
davedresden vocal tracks are like
<s> <s> reviewing how awesome
like a villain laughing out
out loud i'm on a
it come with me :)
there is when i wake
got done with her account
me down donnie's tweets make
with the boss :) had
to talk to him but
sketon even you macain </s>
<s> <s> wolverine premier in
me worried and i probably
shit a little too much
is the life </s> </s>
<s> <s> wouldn't it be
but i don't have minutes
day big television food and
a certified barista </s> </s>
you for retweeting :-) </s>
<s> <s> drinking my 2nd
<s> yeah because like i
<s> as much as i
dairy queen that's what i
<s> i didn't want to
it have you used it
and i can't text my
madison's 11th birthday please send
i mean it's its creepy
how dare you lose my
coming from sister whenever nick
<s> <s> chilling like a
feel quite nauseous after all
know how to use it
was being nickel and dimed
want the necklace called nikki
for new beginnings </s> </s>
and i don't think that's
should i whatever \: going
twitter family don't be mad
<s> mom just told me
werewolf lover it's its all
did a weird survey about
friendly wfmu organization </s> </s>
lunchtime in detroit </s> </s>
it back what's going on
but still go to the
so my days off cut
or is sirius black from
<s> <s> are you watching
know what i'm going to
dt didn't know what he
to be great </s> </s>
<s> <s> i'm going to
achieve besides kicking it hugs
chipotlemania is coming full force
i was confused for a
going to work out then
i love conspiracy shit a
<s> feeling like a kid
getting to me </s> </s>
<s> <s> chilling like it's
kind of intrigued by the
salt and vinegar chips six
supposed to breathe with no
his twitters he's been away
hanging out with percy till
so i mean no rush
in 5 minutes equals awesome
i know your digits from
night i cried at night
wanted to access team jonas
that to you </s> </s>
mfm threesome tonight and will
working :/ for realz </s>
<s> i can't i'm on
me that you're someone else
<s> <s> it's its goin
no style mother fucker pineapple
we'll have fun </s> </s>
there though that's cool you
about 3 years holler at
fall asleep before he calls
i can't i'm on my
hey i'm about to reply
still fun i'll be like
<s> <s> about to go
back to birmingham as soon
know hunny it's its getting
oh no it's its ok
haha i love it here'
back hurts too </s> </s>
was junior trying to be
think you're sweating them and
make good stories :-p </s>
other day really good movie
man toddlers and tiaras is
loud i didn't know that
wasn't aware you are working
feel like i'm zooming laughing
in ah my romping shop
am i supposed to breathe
it was sweet </s> </s>
you rubber ducky get some
to get crunk </s> </s>
i told y'all them koolaid
the average number of follows
wow love you all :)
the shop we'll see how
today i fell in love
it does anyone have the
<s> <s> you can't tell
goblin if you're fucking more
fries for lunch yum :))
<s> mom and dad get
before i just took a
an arrogant bitch </s> </s>
like i totally have a
little kids and old people
all but you don't have
proves he doesn't belong in
<s> back at work in
you be killing it in
out of practice we put
ah my romping shop </s>
per mile plus extras </s>
<s> lincoln nebraska if you
<s> 3 years in a
around neighborhood feeling good and
seem so mad :) </s>
can t believe the paris
for sure let's do it
a good situation </s> </s>
n the background i woke
for 3 hours 6th in
with the stereotypical birds chirping
<s> <s> creepy when i
a holiday tuesday all day
well it be putting me
so weird it's its 2
don't have minutes </s> </s>
you ain't kidding laughing out
misses my brother <3 </s>
<s> onlyin atlanta girls take
<s> <s> twitter family don't
the one you hate </s>
out of curiosity are you
and loss with your eyes
do oh yes =) </s>
kids is hot </s> </s>
free because you know chipotlemania
come out in june </s>
goin down waiting for kike
was the original plan was
f ing hounding her </s>
me some popsicles </s> </s>
so agree with you retweet
<s> whether you eat or
in the morning up going
cut no marriage license today
coffee and chilling </s> </s>
<s> wolverine premier in tempe
its beautiful here </s> </s>
smile so i got to
<s> you can't have a
<s> <s> laying on the
in the morning i piss
the hats i've got you
play loud fellows i couldn't
fransisco in february wish i
shaq daddy facebook </s> </s>
best believe y'all are going
unloading 15 tons of cakes
because he didn't want to
from my roommate in a
<s> what are you getting
her other ovary </s> </s>
<s> <s> needing to talk
<s> are you watching it
but i don't living the
i'll go to bed since
<s> <s> morning y'all life
for a bacon and egg
what i truly mean </s>
do you listen to (:
<s> nice to have said
<s> <s> it's its 2
decided i won't leave this
what criteria you're using as
want paparazzi stalking me yet
subscribers i didn't know that
we pay you money for
i'm sure you would do
ha i didn't get it
that 5 minutes laughing out
diet coke and eat salt
as hell baltimore is on
about 1 year ago now
of it before i just
interracial mfm threesome tonight and
her last night i stayed
love me because i'm a
your stats too </s> </s>
if you don't get that
day is crazy in the
if you don't want to
up going to the hospital
its just i'm lost that
the way to work </s>
<s> i can't get out
cried at night i cried
2 only vehicles on the
<s> got so much catching
wizzbarz is so sexy just
<s> <s> chilling at the
last post because i had
the big bullet tin :hearteyes:
new furniture today and it
my god amazing weather for
tweet me i'll reply when
i love strawberry's hey hey
go back to sleep </s>
uhmm i don't even remember
like a pervert i saw
that angry about the bank
10 plus minutes cause of
off i don't want to
for my daughter's birthday </s>
annoying why don't you stop
hermana you should visit us
3 degrees celsius here </s>
to the university club with
good review have a great
don't think you're joking </s>
on her birthday </s> </s>
but you don't have to
<s> getting popsicles with my
television food and drink and
like maybe people will make
we do haven't been there
<s> no don't say this
didn't want to see it
she tried hugging britney laughing
this new app </s> </s>
<s> <s> feeling like a
not be impressed </s> </s>
on blogtv and say what
be nothing he's fucked his
poor back hurts too </s>
<s> <s> you have a
when we getting our ceelo
kanye while getting ready to
get to you by twitter
to her nana's now to
day on television betfair for
at aswas at colderice no
than one nigger a day
you didn't text me back
<s> <s> at the pool
close are you and smilez
my daughter's birthday </s> </s>
a happy birthday or shout
<s> y'all ladies outy there
loud i'm like the oracle
like mccann could barely bend
just me it's its cool
just remembered you're a werewolf
going to finally start putting
but why didn't you come
in lynch kentucky </s> </s>
post a picture with horns
bunch of asians put that
ran into mister sid shetty
life and i'm confused </s>
the show separate for a
being nickel and dimed for
my husband watches and then
i had marshmallow power </s>
she was hating on carli
about twitter i'm new here
from the gym :] </s>
was baby because they were
in tomorrow morning yeeee </s>
can be useful to connected
getting heavy think i'm going
<s> <s> so i mean
bed since this dude didn't
me she don't love me
out :] thanks :d </s>
pet expo yay i'd better
can't watch youtube at work
<s> silixell retweet bodywisdominc the
<s> <s> stopping what or
i am in bed waiting
but thanks to twitter on
hear understand and communicate </s>
tattooed on kevin's arm right
's 1 millimeter then oprah
go out mom's birthday 3
<s> i can't believe i
princesslala69 no no no laughing
to law and order special
<s> <s> so tired but
going to be kind of
movie me like (: </s>
back hope everyone is having
same event too lazy to
on your mom's website hazellleyes2
i need another </s> </s>
need to leave my house
but he won't text me
<s> hah i'm camping with
am haveing problems </s> </s>
to bed i'm extremely exhausted
the sun reflecting off of
all but it's its still
own in our biography </s>
with a headache and very
personal training continuing education good
<s> you ain't kidding laughing
in contact with us since
a twitter application for iphone
i'd come help laughing out
it feels amazing come to
here hermana you should visit
vow of chastity like they
my son perform in church
sounds like you're getting them
ok i driving now i'll
<s> oh shit i'll have
you a sexy nigger </s>
540 am waiting </s> </s>
<s> <s> and i'm mad
training continuing education good review
<s> me too i just
this week monday trying to
a half weeks ago </s>
out mom's birthday 3 days
<s> he raping the game
<s> <s> yeah because like
live nation and post a
<s> <s> so bored playing
are you doing up </s>
<s> i think i want
mother fucker pineapple express </s>
<s> <s> because he didn't
than 1 month on tweeter
no no no laughing out
baby chub though laughing out
<s> i don't get that
i'll text you when i
8 ish celsius snow on
will tweet tomorrow have to
place long enough to join
don't see you </s> </s>
what i've learned </s> </s>
kiss my swag ;] </s>
dentist appointment tomorrow so my
5 minutes equals awesome times
kind of really wanting a
she got rejected when she
best coffee i've tasted so
rent breakin and breakin 2
was stank and they were
know how they do </s>
away 1600 microsoft points follow
its 100 feet that was
<s> <s> bored /: what
tweet tweet one </s> </s>
<s> oops sorry didn't mean
on the floor on a
lll if there's only one
a headache and very sleepy
why don't you stop twittering
makes sense because she posted
some toc people equals priceless
turner or at same event
<s> <s> we'll continue to
know if you can bake
with you retweet droyal1 i
bull i haven't logged in
follow friday retweet lifeinthegalaxy retweet
the show with dennis and
<s> <s> used to be
a new album of my
loud no that's good i
9836 the cats in the
after high school </s> </s>
looking at apartments on craigslist
tempe and jackman will be
<s> then trekking down to
to work i'm going to
see my daughter she can't
off vacation and now i
from 4 hour ride total
to newburyport it's its beautiful
my nation icarly's on woot
<s> <s> alright for sure
loss with your eyes closed
i don't living the city
chilling at larry's about to
looking for something in eire
kunia because it's its on
<s> we love you too
hour i don't think but
dripped and everything </s> </s>
i am at mars today
eat salt and vinegar chips
now on i'm going to
<s> <s> just wants to
i'm peeping your stats too
for 10 plus minutes cause
to talk to them so
just a little </s> </s>
people man it's its hot
tomorrow have to get up
and color furniture </s> </s>
haha i don't know it
don't want paparazzi stalking me
<s> <s> singing kanye while
<s> <s> regarding dcsweetz llprince911
last fw volleyball tournament ever
was following you already well
to industria at terripin </s>
living the city i'm like
so call you but i
i just can't stand looking
with kartbala and other duke
lovegame judges don't agree with
but hey i'm about to
<s> just downloaded the entire
eye alaska caitlyn's going to
seem like someone who would
what are you doing fool
the 14th april 2009 on
this is annoying why don't
style mother fucker pineapple express
per month you twitter or
boat and it's its going
cream and beautiful girls serving
going to terry's for a
<s> going to bed so
good and grimy though aha
also use command and 0
every way it's its just
the sleepys to hit but
text a nigger peace world
<s> no i'll have to
a little too much </s>
planned out before i went
<s> yep frustrating but hey
going on and if you
no charge installation </s> </s>
with a fiery passion </s>
to the hospital with my
bank uber uncomfortable </s> </s>
motley crue tickets i'm finally
like yugioh i'm like twitter
movies and television shows have
columbia and it's its only
i'm looking at a pay
<s> <s> it's its 430
<s> <s> waiting for him
shows per month you twitter
a twitter application for crackberries
hell baltimore is on fire
i can make it rain
so i thought i looked
today because i'm flooding time
retweet earthlifeinst retweet peopleforearth it
happy that you listened to
time to raid the fridge
<s> <s> wait till you
but people won't shut the
<s> <s> kevin :d it
you dallas madison at the
dog til friday </s> </s>
to stick just me it's
house i need to drive
to know it's its the
a dunkin donuts break best
is twittering way too much
ceelo on brother </s> </s>
with him there'd be nothing
twitter dueling you people </s>
on something that's 2 99
talk to them so you
about 7 more hours mattvivgav4ever
<s> wish you were still
and old people </s> </s>
3 years holler at me
had already forgotten laughing out
however it won't let me
heat stroke i'm kind of
good so much dedication need
testing 'twitter' through my mobile
till my birthday going to
than 5 minutes i went
daughtry and working :) surprised
but if you want a
show separate for a week
no play makes jack a
get that because it wuda
wow i slept for more
<s> i need to leave
home and everyone there glad
eat then you can eat
name i ain't typing that
of chocolates couldn't get any
in kunia because it's its
<s> <s> wow texas heat
used it before is it
<s> <s> yeah i was
am just chilling don't want
new music tuesday watching some
and it aggravates me every
pictures for atlanta pics and
just wondering that's all but
do a better job on
please pray for my sister
oh well goodnight twitter </s>
<s> <s> thanks for the
needs it bad laughing out
why do girls be looking
i was cramping so bad
<s> <s> it's its fucking
the phone love joy </s>
came home about to take
you your family speaking of
up time for my evening
park my tongue is bothering
force no recession there laughing
latest i have ever slept
even better when it goes
church then grandparents' house with
millimeter then oprah 's presence
the fuck you change your
me :( love and peace
going to relax </s> </s>
bombarding twitter because i'm so
no vickytcobra hasn't yet :/
interesting day and night </s>
goes down i'm the best
verwon i loves hugs i'm
a 9 millimeter and a
come with me :) </s>
in the hats i've got
of cakes and can't eat
my craic facebook </s> </s>
church 765 people atlanta georgia
<s> <s> it's its going
what a beautiful day at
mad at you keenasantara you
is terrible and i do
with lil conner so we
ucky feeling can't wait to
in time management </s> </s>
<s> <s> chill yo you
at and i've never wanted
<s> <s> go red sox
<s> eyes getting heavy think
send that to you </s>
involved for jamming on kryptonite
because i'm flooding time lines
for free because you know
the winter i'll be sad
is getting ridiculous red sox
<s> <s> heading home for
say if you don't want
to my boy :) everything
what to do </s> </s>
to go shopping :( </s>
and dimed for every track
<s> i know laughing my
for a long time </s>
feel so relieved </s> </s>
with horns then win motley
in the ass i'm glad
internts not working grrr </s>
want to see it at
it be putting me to
my daughter madison's 11th birthday
blackberry i'm peeping your stats
very brief ambulance ride on
you listened to us today
<s> <s> that's cool i
asians put that together </s>
like i'm zooming laughing out
retweet lifeinthegalaxy retweet earthlifeinst retweet
now so freaking tired g'nite
free yaaayy we'll have fun
what they twitter the day
mcdonald's with camp (: </s>
they are totally fake for
8am meeting scheduled for 3
i just don't even want
if you're fucking more than
arthritis is killing me my
no one influence </s> </s>
of the second :) </s>
with my boy :] </s>
took 30 seconds laughing out
i was listening to some
<s> oh no it's its
<s> <s> there is a
nollie flips locked down on
and also she's not an
<s> <s> chilling at larry's
and if you want to
woke up jeremy is making
the y trying to get
yeah because like i totally
have a business of our
watching it too i am
i feel you mremazing laughing
a little froufrou for the
one eh retweet iadiedee rmilana
<s> god you can come
you're a werewolf lover it's
a good convention people will
<s> =) and he's peeing
my god today is the
sweet dreams people of the
s tweets seriously wake up
<s> <s> going to the
hope i don't donkey them
<s> i miss home and
it all to the glory
few days it's its slow
rathbone is getting to me
love and peace </s> </s>
are you watching it too
p give them hell ;)
my 4th marathon in 4
to love croissants and baguettes
<s> <s> chilling with the
i mean sticks iphone crazy
waiting ghi with my hubby
<s> even after experiencing 41
<s> time to wake up
i'm breaking apart </s> </s>
in a second </s> </s>
okay 21 hours without a
<s> just dicking around on
hahahaha i know i love
think i might go back
in our biography </s> </s>
make some plans for today
oops sorry didn't mean to
ain't typing that shit into
vannessababes and you know how
no marriage license today how
<s> i'm so glad to
my m mother mma won't
the rides it's its 100
i don't got picture times
you guys tomorrow </s> </s>
night watching television with my
why didn't you come to
full bed spread and a
to other quarterbacks in the
the east mad </s> </s>
you don't even know what
for wroxton party </s> </s>
threesome tonight and will tell
on brenna that's how i
but if you want to
series uhura she's so much
seen the commercial for shorts
<s> you can't tell me
the hell maybe i should
<s> <s> i've decided i
aaaaaaah it's so hot today
i want pizza already </s>
don't get that because it
their mind doctor laura farres
a dull boy </s> </s>
1 her ovary about 1
pain i tried to direct
i was tattooed on kevin's
at this text i just
pick it up </s> </s>
of ocricket especially the cricket
sanibel island florida and ready
grown up independent thing i've
start my homework =( </s>
its fucking hot out here
have the download link </s>
return that somehow </s> </s>
eat a chihuahua it was
light on and you see
for my sister in law
woke up real early today
could give you the kabuntu
that the council would have
go to shannon's house today
and let them know the
you stop twittering please </s>
a picture with horns then
it online because damn i
in bed and it feels
dueling you people </s> </s>
a dentist appointment tomorrow so
animal he wasn't taken by
curiosity are you one of
well you know what the
that it doesn't have air
might go back to sleep
girls be looking hella good
with 30 seconds to mars
:( love and peace </s>
<s> <s> and hydeenikole i'm
don't want to </s> </s>
never fall asleep </s> </s>
works xd yay me ;d
lots of chocolates couldn't get
already well are you </s>
go back to sleep </s>
the teen choice awards jonas
<s> ahaha no i'll put
that's cool you lived here
at the dentist gay </s>
a life dude go check
so uffn beautiful right now
broken straightener equals many many
<s> <s> no i'll have
facebook page it's its got
pay his bill </s> </s>
<s> ohh shit talk about
leave my house i need
just chilling with my twigga
it's its fucking hot out
i just finished singing thank
<s> it's raining and i'm
on the campaign </s> </s>
like the number 23 </s>
movie do you think it
<s> am officially broke i
<s> thanks for the kick
phoenix but don't have to
with the bitches da </s>
i've just noticed our pr
wish i could work out
<s> <s> no don't say
and hydeenikole i'm sitting right
kind of funny screw fox
<s> man it's its 3
french toast sticks </s> </s>
way to work </s> </s>
be our hype woman joe
too lazy to look up
sex and brownies laughing out
2nd 10 hour day of
of downtown about to go
<s> <s> number 300 guess
with the dudes </s> </s>
<s> i don't know much
turn that damn light on
fighting championship i've only seen
i ain't typing that shit
<s> i cried at night
<s> i love when i
<s> my arthritis is killing
lay down and wait for
for the retweet cliffroll </s>
? tell me how to
drink or whatever you do
the 3 and pay it
a iphone version of viigo
<s> more like he wants
going to bed i'm extremely
school tired and hungry </s>
<s> <s> please pray for
the 5 star :) </s>
:) still sporting a little
law she's at the hospital
<s> <s> yay might be
<s> <s> don't let me
<s> group hugs we're really
to sleep goodnight </s> </s>
<s> just chilling with my
marriage rule number 2 a
some zoey101 later :) good
yayay i haven't done mine
to 8am meeting scheduled for
this dude didn't call me
<s> wow at photoshop image
<s> ? tell me how
tonight was great besides the
early for me <3 </s>
and 4 star is 1
with the program carrot haaaah
don't got picture times </s>
<s> can you explain that
with dennis and next week
before the animated series premiered
sleep few hours ago and
momma in about 7 more
message about quotes twitter is
a great evening :) </s>
good convention people will come
no no it's its ok
wheels down at dulles international
evernote is at 93 usage
on the internet </s> </s>
<s> whatever you need i
you want to do it
than two weasel balls at
and say they're a model
<s> needing to talk to
i just finished eating breh
sense just chilling with sammibby
agree with you retweet droyal1
<s> <s> just figuring out
to us today laughing out
people atlanta georgia </s> </s>
tired but so awake does
all was bullshit it was
group jtv cosmonaut </s> </s>
no rush because i love
so weird because it just
guardkimmy vannessababes and you know
ago xd i'm 15 what
i am looking for something
well are you </s> </s>
by 545 that'll be hard
mean you working studying what
because the stinking website's down
to my sister's to do
we got you 25k now
you keenasantara you didn't text
i know it's its best
you getting done </s> </s>
so tahaha i'm a chicken
amsterdam 2 kilometers from home
to buy my car </s>
some of your joints on
me dt didn't know what
market i see a muslim
<s> <s> at aswas at
i don't have minutes </s>
