12 000 texts in february
a temporary tattoo on him
and i didn't know and
<s> sweet retweet noreservations word
ass off are you having
=( kinda raging </s> </s>
i'll be rocking this at
know and it's its sold
don't want to </s> </s>
space time continuum somehow </s>
1st 4 episodes maybe got
sites so that's why it
i miss them :l grrrr
god that song tells my
in 140 characters dx </s>
<s> at lambert's with the
<s> <s> you guys not
what i'm gonna change my
kinda sad actually </s> </s>
to agree yes definitely ahaha
ones on your list so
it would be =( kinda
aunt does accupuncture for her
that the council would have
right back and never come
<s> <s> procrastination is taking
my white pasty a s
that tomorrow at 2 00
<s> <s> y'all know where
guy 47 you </s> </s>
to get at me ;)
the mac help </s> </s>
has read i'm totally ready
call good music xd </s>
can't wait until saturday guys
grabbed on to her pants
start a restaurant </s> </s>
its so fucking gay love
rawrr i don't even feel
do you know what busstop
<s> you're about to be
out more because i've been
ass off you don't want
until saturday guys </s> </s>
would have preferred a butterfinger
then friend's birthday get together
in a few </s> </s>
i am stupid :) </s>
if theres only one side
your so fine :) laughing
<s> <s> are you serious
<s> <s> about to party
see my doctor she can't
tomorrow anyone wanna come with
home from church chilled with
is over for me </s>
my hands under my dress
it thanks boo </s> </s>
can start roasting </s> </s>
lexylove turrislove09 and i miss
out :o) stealing the definitions
kinda <-< message for the
<s> <s> wasn't as good
<s> a hideous beast that
the only people drinking booze
me some popsicles </s> </s>
with my family drinking waiting
loud stop changing your name
a shot retweet robyndtf having
no pay makes jack a
hand :( probably 8 pm
<s> <s> i've been looking
think i finished finally making
you know your so fine
is so awful by the
now and retweet :)))) </s>
car and filling the trunk
my braces off 1 more
<s> <s> oh yeah well
<s> ohhhh my god that
boy was fine i used
let's get laid yee i
song we love joe just
<s> it's hilarious that all
you got too much going
<s> cuz they're pretty *-*
get some exercise </s> </s>
the entire building snif </s>
<s> <s> staying in and
<s> <s> just got my
for mac don't think we
my good sorority dereon 7
<s> getting popsicles with my
hahaha i didn't even get
<s> <s> can't wait to
its friday i'm stoked i
and i grabbed on to
i hate feeling hungry all
catch up with deli est
a cheesesteak for lunch yummy
<s> mochajane i'm sure evan
that i don't care but
yes hahaha i've got like
<s> <s> yeah it was
me happy birthday on sunday
just saw you mannnn =)
72 not too shabby eh
can you answer me what
with the family like we's
a while to get used
potomac praying traffic is ok
just did asshole </s> </s>
i ate too much at
just got paid let's get
clean my freaking bike </s>
be late because enough people
fun do you know what
if you don't wanna tell
cutest teenager ever </s> </s>
know we ain't gonna trend
people in seattle that car
seeing ke because i'll give
had some waffles :( </s>
to get together </s> </s>
hunters international with my hubby
to the douchebags on twitter
you don't even know what
said you didn't want to
know what i'm gonna change
supposed to be running </s>
shortest word for me is
finally home it's its hot
missing my girlfriend </s> </s>
<s> yesss greek you watch
ask me and i will
johns hopkins away </s> </s>
green tea frappucinos are good
lick's and amy's wow </s>
know that please take me
kind of tattoo did you
love that though :) </s>
be home with the family
night y'all slept over </s>
scrubs episodes conditioning and then
are we supposed to dress
get there you can have
of my cousin 'the car
get used to them </s>
<s> you guys not got
ain't you supposed to be
on you to get at
having a wonderful holiday :)
get it together with these
fireants and it's its the
<s> i can't wait to
the ownage vocabulary cacaslap </s>
at the merchandise right in
<s> <s> oh nice laughing
at this text i just
so many friends that wanted
russians papers for money </s>
to come jeremiah 33 </s>
much going for you and
thanks to you i will
girl then friend's birthday get
portion control and go veggie
more because i've been using
chatting with people on twitter
thought it would be =(
good morning livejournal :) the
opening day yes </s> </s>
to party with the family
<s> <s> god this movie
from the gym :] </s>
tomorrow night with performances by
back from austin's birthday party
711 bbq wings </s> </s>
<s> goood morning today is
got paid let's get let's
i need to be up
<s> <s> freaking hungry waiting
you i don't have a
the weather i'm lazy and
<s> <s> probably should be
perfect and it's its friday
the worst feeling ever </s>
<s> as much as i
so much fun </s> </s>
beltway tweet you later </s>
frappucinos are good :) </s>
tell me it's its fine
<s> <s> cleaning out my
<s> do you play xbox
going for you and what
culture clever with puns and
statistics diet etcetera </s> </s>
i'm gonna change my identity
1 more week </s> </s>
black until you put the
<s> the shortest word for
and i would have to
happens when i'm wide awake
tea frappucinos are good :)
my advanced classes after all
least i didn't lose 20
pretty easy to use it
<s> <s> no but it
if i happened to never
to precalc so i might
for me too :( </s>
going to be one of
that i haven't seen in
twitter on your mobile might
than charity beggars in a
to be running </s> </s>
with jazzie haven't seen her
baseball score application for iphone
in the third world wollongong
just certain ones :) </s>
tomorrow oh and i hope
one wayer i'm in the
at friday april 10 11
after 10 o'clock are all
twitter now gay </s> </s>
show some love :) and
but still go to the
guess i don't really know
rabbit ride that's all i
ing if you go through
<s> <s> ain't sh t
i don't wanna go to
<s> ain't you supposed to
moulting period for me in
to go shoppin' and hang
los angeles thanks for the
doing a good job at
<s> paris hilton's my new
sorry i didn't mean that
was fake fire </s> </s>
arrived 2 hours late so
<s> this motherfucker is going
love the second verse </s>
<s> <s> good morning tweet
a happy birthday but it
a story tomorrow </s> </s>
and fish for my eating
going on the blogtv xd
<s> <s> you have to
by 545 that'll be hard
off are you having fun
about sex that's why noone
least in first draft by
welsh sun and wondering if
do with your hands </s>
miss your tweets </s> </s>
be ok with taking a
is always referring to </s>
is effin' dragging must stop
need to open </s> </s>
skip divinci and beef wellington
i guess vodafone has some
<s> <s> you're about to
you rock girl </s> </s>
it's its fine nayy </s>
no signal no d; </s>
kind of like wetting your
look like it's its gonna
<s> wow that's like more
like he don't </s> </s>
getting heavy think ima try
bitch i blame it on
staying in and didn't realize
home chilling watching a movie
got paid let's get laid
you see you in a
i need to follow some
going to relax </s> </s>
treadmill is fun (: </s>
kill the rabbit running through
i will be getting swino
ass and you need to
from these rubber bands bahh
<s> <s> why am i
pasghetti or macaroni and cheese
have kill the rabbit running
<s> <s> you got too
<s> at anthony's about to
you don't want to </s>
on <3 love this show
me while roller blading and
up is so good to
it back what's going on
with camera to do bpo
put a temporary tattoo on
4 muchoo fun :d went
to be in the same
misadventures of flapjack i've been
the couch watching the cubs
<s> <s> your web site
<s> are you serious that
win tickets you gotta be
you go especially when you
and 10 and 11 of
your face that's for the
watching the teen choice awards
at least you malia had
care about you bitch kiss
stati just sayin' </s> </s>
think i'm dying </s> </s>
depp play saxophone at three
twitter you know that please
get too blurry that it
one of favorites is innocent
even telling you this </s>
to sleep night </s> </s>
god it's takin' forever to
:) i'm excited </s> </s>
it's its going to be
=( been replying him but
this movie sucks good why
<s> <s> yay might be
going to work out then
go veggie and fish for
<s> with people in seattle
was not cool at least
<s> <s> hi demi d
bus home because of that
<s> eyes getting heavy think
he's a youngun no thanks
was a sister xd </s>
airport had maudie's salt lick's
wanna see you i don't
<s> <s> chilling like it's
i should actually have 3
some of the ones on
will be getting swino </s>
shit to people unless you
:) i love me some
looks like ants attacked back
really humid because of the
i were listening to volent
9 of y'all either got
back home and now gonna
me you didn't buy that
ahh i don't even have
i'm lazy and just wanns
to the doctor for yet
oh yeah it's its going
yeah thanks to you i
<s> <s> florida in a
beef wellington and more you
well how about some of
<s> yeah thanks to you
movie i'm watching is that
sweetest word for me is
enjoy it thanks boo </s>
toilet paper cursing nss </s>
to go shopping :( </s>
that girl you like her
umm there probably is i
trip to kylie's farm </s>
<s> been trying to go
something i didn't get any
you go through with it
<s> <s> ain't you supposed
with my niggas leo daniel
:) yay coming home now
the house and back on
<s> <s> it's its friday
traffic this thanks to truck
<s> im sitting at home
getting a bunny as soon
on the treadmill is fun
or macaroni and cheese for
get any cause nessyburger was
had shorts and i had
other day really good movie
know your so fine :)
for the day going swimming
end up with another byzantine
today was fun now who
b oreddd don't know what
gonna finish editing video </s>
my schedule change :d the
hate the dentist too </s>
if so please reply :)
<s> <s> it's its my
louisville today i've got the
everyone who received the lesbian
:) i texted you last
the pool at the j
dripped and everything </s> </s>
<s> <s> i'm sorry i
back in business :] </s>
go through with it i
<s> i'm wicked mad my
them to clients </s> </s>
this true retweet leapsean maggies
<s> <s> with people in
the door with camera to
<s> <s> i've always been
off you don't want to
to robeks getting a malaho
superfreak was playing when i
it i don't want to
get to rally's </s> </s>
<s> i don't wanna go
for ya'll until these labels
<s> if you don't wanna
<s> word baltimore is in
be another one anytime soon
good distraction and gives you
<s> reagan flattened the tax
the night y'all slept over
<s> <s> twitter family don't
favorites is innocent love the
and kisses text </s> </s>
gives you something to do
<s> twitter family don't be
stupid idea therefore i guess
tax code back in the
daughtry and working :) surprised
just got paid let's get
<s> <s> wait till you
ethical prob with cloning they
<s> <s> don't no body
browsing russians papers for money
coming home now wait for
did i miss something i
let's get let's get </s>
<s> downtown charleston and lunch
twitter family don't be mad
i wanna see you i
awesome but i'm all sweaty
i am messed up lot
i been bumping that slaughterhouse
am i awake at 430
check at friday april 10
when i didn't go to
3 times to say it
<s> at hubby's then going
sounds like y'all had an
to my dad's house :d
on twitter retweet aubreyfleming </s>
half men guaranteed laugh </s>
<s> concert and dinner by
what a beautiful day at
<s> ummm who doesn't like
ahaha that woulda guaranteed them
its going to be one
we got you 25k now
<s> the baddest man on
for you and what kinda
up lot to drink but
from austin's birthday party it
layn here watching t v
<s> <s> sophomore year is
today gotta long way to
about to be in the
me today because i'm floodin
gotta tweet statistics diet etcetera
pok so maybe i'm addicted
<s> i'm sorry (: hope
at home chilling watching a
out loud what they're pretty
<s> <s> shit i do
go shoppin' and hang tomorrow
like wetting your pants in
any twitter applications that are
live in guadalupe with grandma
davedresden vocal tracks are like
and gives you something to
too much at dinner :(
<s> <s> finally getting to
<s> i could say that
<s> is wondering how to
fell down to her knees
agree yes definitely ahaha that
<s> <s> can't belive i
uknowufrombham when you know we
market day you could that
even more exciting </s> </s>
to dance at 5 00
to be douche bags ;)
<s> <s> starting to feel
is new to me but
about how texas can separate
effin nerves sometimes </s> </s>
fly with javascript weak sauce
was an interesting last 10
i love family time enjoy
<s> i wished i had
eating subway with my niggas
code back in the 80s
<s> security guards made us
depeche mode concert to begin
instead i'm chillaxing on the
some major fun there cause
that roger rabbit ride that's
<s> good morning usa a
only one for me is
i need to portion control
you d retweet splinteredmind paisano
today because i'm floodin time
mall at least i didn't
papers for money </s> </s>
my daughter birthday </s> </s>
<s> i don't really see
a girl that's a good
hadn't ahhh so close to
planned out before i went
<s> i know laughing my
what busstop i'm at laughing
the j with james perfect
my gosh i'm getting a
you do really good acting
round 6 plus innings of
per day great </s> </s>
catch twitter replies quicker </s>
was like no i can't
see the fuckers trying to
the people you need to
showed how to get into
to know i'm not alone
not drinking for 2weeks </s>
to bed tomorrow getting up
<s> <s> text her fuck
yall thru text message on
about farting too much for
planned out before i went
kid a dollar could get
step and they're done </s>
credit card address we shall
something very important ;) </s>
kirasuzette mmmmhhmmm you definitely going
<s> she likes me shes
laying down resting </s> </s>
my battery finally die </s>
it'll be later at night
get fucked up </s> </s>
1 5 million followers </s>
<s> <s> girl i keep
responsible for anything that you
thru text message on my
my head yesterday </s> </s>
came up with the serious
it is supposed to be
i was supposed to be
the foundation building tomorrow morning
<s> <s> yay i finally
at jordancreek because of the
from 9 a m 11 a
time so between 3 and
<s> <s> hi my name
kind of figured it was
i love them </s> </s>
<s> <s> chilling like it's
my way to napier in
will be okay be back
it is so hot and
plenty of people i don't
<s> i is so tired
to see you're back twittering
get me through a whole
adorable i love camilla i
but do your best to
<s> god doesn't give you
we need to slow down
georgie george that's 2 for
get another until tomorrow :(
is awkward hearing ty's friend
<s> <s> working i have
i think it's its at
in bed sick /: </s>
<s> eyes getting heavy think
<s> <s> officially going to
was like you talk to
class i don't know if
least i don't go psycho
not to communicate </s> </s>
twitter tonight it's its late
baby shelly's birthday (: </s>
<s> <s> why is real
a girl that's a good
<s> <s> yes :) i'm
chliling with my nigger kelz
just close your twitter account
very much goodnight </s> </s>
that changed your name laughing
so yeah i'm not subscribed
<s> i don't like second
day s until i come
cause i can't 'find' the
m 11 a m </s> </s>
so much love on a
i sleep until 11 i
going to relax </s> </s>
go to california </s> </s>
<s> i don't know why
and hannah are the best
<s> just chilling just browsing
go cuz it'll be fun
it on you girl she
killswitch engage first time in
it to foster richndfamous i
<s> i sympathize i have
<s> i wish twitter would
no i can't get another
to hurt you to love
hot and people are wearing
been saying stuff and 4
would be embarrassed </s> </s>
if deliver address different to
s and defense linemen in
who think because they have
not happy with him g
<s> saw document on china
<s> downtown charleston and lunch
big name celebrities on here
somebody talk to me please
i've been bad </s> </s>
karlthia about to die up
i was obsessed with this
kick a little girl </s>
x( i need sleep </s>
of mushroom with croutons at
show i would love to
everything now because i can
house here are some of
here in minute love y
streetstylist keep talking i got
miles to atlanta </s> </s>
i'm paraire dogging i might
<s> twitter family don't be
who have barbeques at 9
the way you meant to
you know what's worth fighting
you but you can be
too long sad idek how
<s> i'm accidentally about 25
<s> getting popsicles with my
<s> is drunk at tjhe
his last girl was always
damn your mom ruining my
<s> <s> true add me
third period sweet </s> </s>
i never see you no
<s> to play tennis i
gwizap looking at airline tickets
i think it's its hilarious
if you remember me please
<s> <s> twitter family don't
twitter family don't be mad
to bed sister you got
baby girl you dont even
i was waiting for </s>
i keep tossing and turning
<s> <s> talking to friends
been a very long day
<s> <s> packing and listening
i feel like i rooka
i would love to hang
<s> don't you just hate
out at dad's house tonite
or anything to do but
you up saying the wrong
ugly betty at work what
anyhow i love timemachine </s>
with his brother </s> </s>
off now you got ladies
fish fry chilling out at
come to school </s> </s>
it back what's going on
he talkinq about his last
have coffee jitters =/ </s>
terrible no luck with up
it or something </s> </s>
moment about to go to
have anything to read or
<s> <s> yeah yall did
<s> <s> what's ellen degenerees
hot outside it's its 105
out friday holler </s> </s>
to me please because i
<s> tejano76 see all those
okay be back tweets xd
mmmmhhmmm you definitely going to
had a quidditch team harry
again obviously and i really
there are any fans of
keep tossing and turning in
<s> i ain't never make
and karlthia about to die
watching hotties run so i
ass :) rolling around like
at 10 a m pacific standard
far from fluorescent </s> </s>
a follower cries :( </s>
see you no more </s>
tomorrow morning at 10 anyone
<s> <s> don't you love
<s> as much as i
follow passionsista that's it </s>
balcony now he's crying to
to love you and to
left 8 minutes late that
its just people have been
we love you but you
anywhere near water except for
aleluia haha yay i had
fuckers trying to come up
trying to figure out how
whass good you get someone
out loud i'll be syren
be mad music </s> </s>
the people you want he
i rooka like a man
how it is </s> </s>
<s> <s> text me manana
thinks the horoscope today was
no 9 cheeseburger steak with
love you twitter </s> </s>
got me obsessed with atl
wait for tomorrow then >:d
<s> <s> hello how do
saturday :d so pumped can't
out loud what's this about
he was funny on late
2 hours because they are
van and i'm paraire dogging
not what you're talking about
the office for 2 hours
i'm totally sleepy |-) i
need a shower =( </s>
<s> <s> and yes mac
it was you that changed
for ya'll until these labels
a <3 you laughing out
on :) april 5 hong
i lost crazy </s> </s>
out loud at fat people
ladies picking you up saying
by 545 that'll be hard
better love you (: </s>
was you that changed your
i keep trying i put
my baby shelly's birthday (:
because i'm flooding time lines
check your messages on myspace
davedresden vocal tracks are like
it's beautiful someday when i
my break laying down resting
cuz i'm doing the nasty
to be chilling at jordancreek
ground is vibrating and the
and the lightning is strong
on my phone dm me
psycho when people make purity
to go shopping :( </s>
getting up for orientation going
doesn't give you the people
got ladies picking you up
officially going to bed tomorrow
<s> <s> where's my brother
about 15 minutes tell tom
know everything that's going on
24 40 minutes on the
fast you're good tysondenhk still
be chilling at jordancreek because
to go to sleep </s>
have a little more rope
<s> <s> yay brighi here
we got you 25 thousand
<s> i feel like i
<s> <s> yes i know
tossing and turning in my
my god yes baby girl
aahhhhh so amazing </s> </s>
tmobile is slipping now i
because i don't see the
he gives you the people
at this text i just
going to be a bitch
<s> <s> it's its just
but my battery finally die
just hate people who think
a great rehearsal last night
you get better love you
and he isn't </s> </s>
know what i'm qonna chanqe
it a night shortly </s>
<s> <s> hanging out at
its a fucking clucker sitting
out loud i'll tell her
for 2 hours because they
<s> i can't think of
with my nigger kelz what
rope in life </s> </s>
totally hot together laughing out
don't be afraid to let
tennis i don't want to
<s> <s> damn so much
out loud don't worry i
they are shooting ugly betty
15 minutes tell tom </s>
we were obsessed with him
my exit because i was
<s> <s> no i lost
guy 47 you </s> </s>
what a beautiful day at
<s> just trying to figure
that the council would have
making tonight so much fun
jesus loves you </s> </s>
such a hassle hahaha :b
see raekwon at the sound
through my neighborhood </s> </s>
and by hello i mean
ah haha don't be afraid
sh t just got it
waiting ghi with my hubby
about 25 meters from the
you can be original ;]
alfamega is beefing wit t
got to holler at yall
of my favorite local tweeps
<s> can you call it
game and getting ready for
see where to go i
you no more </s> </s>
<s> ok that's my big
healthy habits are paying off
<s> <s> headed to philly
<s> tinychat won't let me
and a gorgeous 4 string
i ain't never make it
911 shorty's fire is burning
turning in my bed but
habits are paying off now
place is huge </s> </s>
<s> i love this iphone
if there are any fans
<s> as it's its been
worth fighting for when it's
mean i tried 2 save
this is awkward hearing ty's
daughtry and working :) surprised
<s> just got some new
dorito and everyone laughed </s>
instead of having them laughing
tickets to see where to
point penalty per day great
<s> i'm chliling with my
movie that's probably not what
think of anything more pleasing
on the computer she better
i deadass passed out </s>
out by following you laughing
me today because i'm flooding
than the competition </s> </s>
they're only following 20 smh
me please because i don't
outside so beautiful day for
me some popsicles </s> </s>
i'm chliling with my nigger
why you complaining </s> </s>
not worth dying for </s>
<s> it's outrageous when i
in order to enter their
nigger kelz what it look
fault tho gone out of
i still can't get comfortable
twitter thing out >:-o </s>
second hand smoke me and
bruce kneib and i just
the filming entrance for lost
don't go psycho when people
strong this turbulence is scary
for when it's its not
from the gym :] </s>
best dream ever </s> </s>
goldfischer is boring and a
just wait for tomorrow then
step out today </s> </s>
with the girls </s> </s>
my daughter birthday </s> </s>
could be there </s> </s>
owwwwww i wasn't too sure
it i love animals </s>
i first entered the room
go about achieving it hope
out loud true hahah i
05 pm maybe if i
out loud you going to
back :] you and hannah
today because i'm flooding time
do you know what's worth
water except for a shower
know but it's its such
women in lingerie to pick
airline tickets to see where
at a party outrageous </s>
being a vegetable pretty sure
see all those healthy habits
nerds (: and i really
i need to be up
dinner from scratch </s> </s>
white folks running it laughing
is so gay </s> </s>
to make you exactly the
<s> even though its 10
filming entrance for lost heh
<s> <s> working from home
im rich bitch goodnight =)
eyed peas love it :d
so i couldn't get it
where's my brother i'm home
<s> <s> watching the fireworks
guy from california on stickam
<s> <s> that's a wrong
to be sleeping in late
getting heavy think i'm going
get better love you (:
go to sleep </s> </s>
<s> damn it's its a
can awwwww yeah </s> </s>
i was jamming some alicia
funny on tonight show i
<s> i know laughing my
i have it </s> </s>
season in south dakota </s>
<s> <s> david :) i
worth dying for </s> </s>
going to work out then
<s> <s> chilling at home
the game didn't know there
other day really good movie
be your whipping boy </s>
<s> <s> so hot outside
<s> <s> yay might be
<s> do you know what's
most cute scenic guy from
guy talks way too much
out loud because it sounded
to teach you to hurt
you talk to dorito and
was just cranking lunch in
school i can't wait yay
fire is burning up the
the starting line </s> </s>
if white folks running it
<s> <s> shower yes i
you that changed your name
members has pneumonia and we
out loud ok lah i
i see bullshit phil 4
stuff dodging linebacker s and
work my nigger ka h
ourselves why beanie babies lost
make a conference call uh
at home with my favorite
<s> <s> writing i love
shes so sleepy i love
<s> <s> you and streetstylist
saying stuff and 4 wanted
yet you aren't hmmm </s>
out for you re pr
that movie that's probably not
kisses jesus loves you </s>
is my shit </s> </s>
last chance because i havent
kimkardashian trey songs i need
mr goldfischer is boring and
:) i love me some
on a saturday </s> </s>
me in fort wayne at
<s> <s> hey it is
nintendo commercial with bey did
in music isn't everyones ok
we got you 25 thousand
agree with you girl </s>
in studio brainstorming looking for
god hoiwww are you sports
even got an </s> </s>
honest i wouldn't give a
boat with everyone </s> </s>
a girl that's a good
raining in massachusetts :p </s>
going to change my identity
together i can't makeout anything
earth day facebook application tweets
ooommgggg immm so hungry and
yours and thop's </s> </s>
package together was more then
and presh are hitting the
say happy birthday to travismtv
thought you weren't </s> </s>
a big old meanie i
<s> <s> shower then off
because i couldn't get out
on me it's its going
re 15 minutes </s> </s>
<s> i just finish working
she's pole dancing she's just
point no faking cooking mc
kickin butt in football so
<s> <s> taking american sign
the osa peninsula corcovado and
tweets on tonight </s> </s>
wait a second that was
a fucking stalker getting everything
with a twittering bird in
the show yeah i will
<s> laying down finally go
still 383 miles to go
back to you boo rt
<s> i don't even know
<s> ohh sorry i didn't
updates off because jamesfvegas is
i think i'll text you
over quantity thanks to my
has a basketball game </s>
<s> <s> i'm sorry :(
<s> twitter family don't be
<s> <s> really don't want
leader takes people where they
times even from my sisses
december but yeah it was
need a spanking night night
it ain't tricking if you
:) we are going to
<s> good morning twitter people
seriously they don't know what
fucking stalker getting everything from
want to sleep </s> </s>
mileycyrus wow your performance is
<s> just tweeting for the
pretty enough to be a
jenna's p90x videos </s> </s>
his student evaluations from the
to anthony's pizza for dinner
<s> <s> traffic wuejfdiwiehfbdkehrbf i
<s> <s> facebook retweet hey
being bored hope everyone has
<s> <s> shades homie woooops
your soul glow </s> </s>
trese you know you can't
mom and grandma woohoo laugh
know you feeling ok </s>
to know it's its the
<s> you deserve all 3
but i sincerely enjoy every
feel quite nauseous after all
because i don't want random
my neighbor don't worry i
i really don't think johnsoncab
that but that's why i'm
but whatever i'm deff going
is editing pictures :) ask
that some bullshit </s> </s>
company of thieves to set
pee so bad katieesherman sorry
<s> <s> man i hate
don't know how for some
<s> i can't remember but
will keep praying i love
raisin bran crunch so much
that angry about the bank
<s> 19 minutes to get
guess when mickey stops appearing
is a really good book
school is over :) getting
and those are where vududoll
car is parked in front
laying down finally go to
<s> i'm peeling like crazy
on here i'm not that
is a common </s> </s>
5 days with my favorite
<s> i haven't tried and
<s> have you heard of
<s> i didn't really like
sorry i didn't know you
3 favorite friends </s> </s>
that without wanting to fight
to a civilization playing addict
ought to be can i
i'm so freaking excited to
the earth kudos to each
god so hot </s> </s>
:d <3 i'm gonna piss
hood half hour movie why
news spreads definitely an example
getting on the bus now
family :) it's its so
i hope you are feeling
talk for free :) </s>
just got around to looking
think of you everytime i
tea that's incredible </s> </s>
is every nigger with long
<s> <s> about to get
<s> lisa it's its ok
s not interesting what i
it back to you boo
for sure there's a roaddogs
now stop pollution </s> </s>
see my daughter she can't
insane i love it </s>
the day with a great
a very naughty girl </s>
<s> <s> bye have fun
a three dollar bill on
lost behind you'll never be
competitive right it's its so
follow me people laugh out
over the system at home
fool thank you crutch4 :-)
<s> those things are so
tour together it's its probably
for my gynecologist than i
a nap so bad </s>
<s> <s> sagging in my
<s> you are a very
looking for accommodation in barossa
kids and you staying locked
find someones cremated remains tossed
you want one </s> </s>
have to pee so bad
love and retweet 's :o)
caught guy with our car
they're the business </s> </s>
<s> you know how i
page as mickey ;) times
<s> i absolutely hate the
i am twitter ingi guess
<s> <s> twitter family don't
google it because surely it
week answering questions so send
loud and i've started eating
can't makeout anything i feel
dripped and everything </s> </s>
bad i ate them all
dinner when you tweeted me
gastown today getting ready to
well thank you :) and
what i meant to say
<s> as much as i
a new room way cool
at a conference </s> </s>
<s> <s> you know how
all these construction workers like
i identify with your tweets
<s> really don't want to
some house renovations 's and
kaulitz he's pretty pretty enough
from the gym :] </s>
year whooo can't wait :)
if this nigger say trials
<s> i'm home from work
really warm though :) setting
know if you can read
of bacon facebook </s> </s>
that the council would have
<s> <s> and my tongue's
how long are you in
go to school tomorrow </s>
it off soon haha </s>
tell me that kakin will
is why people in milwaukee
on what you lost behind
down then hitting up the
that she working that back
the haunted with hooligian micahsaul
<s> <s> hanging out at
so send questions my way
but that's why i'm laughing
motion for me laugh out
think my favorite episode of
diplo collab with chali 2na
i really can't decide </s>
why is raisin bran crunch
readding all day (: </s>
<s> <s> damn is every
<s> <s> getting ready for
and i didn't </s> </s>
at prime tomorrow right </s>
big drinking session lined up
on my cheek laugh out
a large tattooed man was
point of craziness and how
in texas for </s> </s>
bad eggs right </s> </s>
luci but way too tired
<s> <s> jamming to dr
hoiwww are you sports capital
<s> ronnell spelling or like
out two hours ago </s>
bed now trying to figure
<s> <s> i've not the
with my twin </s> </s>
long hair cutting it off
nap best ever </s> </s>
<s> <s> what's up 22
state university spartans with a
watch man versus food the
a pc anymore :\ </s>
or just awesome ;-) </s>
trailer park tomorrow gurfrim </s>
hours of biology today :(
that was so bad fuck
sand volleyball don't know where
i love you guys <3
<s> <s> hi :):):):):):):):):):):):):):):):):):):):): just
my daughter birthday </s> </s>
day facebook application tweets on
<s> <s> yay might be
that 290 people anine is
prayed this morning when i
near me because we'll have
cool but i'm going to
<s> <s> haven't been in
urgh i know the feeling
and i'm super giggly now
my laptop i'm making 1
not that stupid laugh out
dangerous you are alone with
fap in the block toilets
that you just got superhead
extra quick that's all fool
something i really can't decide
studio brainstorming looking for charlie
people like you mundanes </s>
chick give you head with
<s> <s> it's its just
<s> <s> wait till you
<s> <s> i'm going to
this huge mushroom that looked
cream with my twin </s>
a game yup </s> </s>
how do you spell it
next 3 months :) </s>
for your absence but i
stalker getting everything from your
feel the vibe </s> </s>
last night with a car
realized i didn't see fast
me today because i'm flooding
to you tomorrow :) sxceritrean
its all yours laugh out
to niagara peace don't expect
fight with you make up
on the television for the
get a glimpse of it
a m tuesday because they
with my bestie stepharoonie who
pics on flickr excellent </s>
night night love =) </s>
waiting ghi with my hubby
<s> <s> exactly people were
they are thanks </s> </s>
mean that you just got
kaylee is all over the
issues back you go hertz
you ever tried bsn nitrix
feel about something i really
ron paul youtube district of
was to attract your attention
a bitch what's the point
so hungry and everything sounds
down my nigger ready for
in vegas i'm with the
green bay douchebags didn't miss
such bad eggs right </s>
idea what percent of those
:) i'm so excited </s>
and i were playing gears
i am working it is
out even thinking </s> </s>
and i'm tired text me
<s> alright twitter i've decided
yeah me neither </s> </s>
these construction workers like miley
<s> lincoln nebraska if you
poor thing you need someone
<s> <s> tired and i
nigga i never got a
could be something else </s>
<s> i would've been passed
brain cells i've killed by
end of october </s> </s>
<s> my brother is obsessed
need someone to take care
cable my download speed is
to pee so bad katieesherman
walk to remember is so
<s> <s> i'm in the
know what you're referring you
yeah i accidentally tweeted instead
pretty much it's its super
appreciate your faith in me
i hate them :/ </s>
l know it made my
our door at 5 a
it back what's going on
i need to be up
got dance practice bright early
<s> <s> text good thank
do you know if marvo
had an obsession with them
no to getting caught </s>
care of you d e
back of their car </s>
a few years :( is
got a side sticker :]
crutch4 :-) forget t london
being an assassin is a
<s> eyes getting heavy think
back to sleep agggg this
you are feeling well brother
up i've been slacking on
got a text from you
<s> <s> that's what it
alright i definitely will :)
<s> i didn't mean that
over the world :d </s>
<s> <s> waiting for the
it could be something else
<s> aww you cupcaking with
all day just got off
no problem that's what i
don't even know how many
pool :d text </s> </s>
my hair yes back to
best thing ever </s> </s>
children's education veto sb 834
adventure now it's its awesome
the 100 tweets per hour
back to school bash </s>
not even blooming double pay
to say fucking right on
i m listening at the
follow :-) that's at least
i don't know how i
i could have seen that
dreaming about stag's leap cabernet
know you can't do that
makes them very easy to
anine is taking over </s>
proud of you </s> </s>
1 75 million </s> </s>
the cellar loves it </s>
on friendfeed featuring the friendfeed
i played some random joints
i know and i get
happens at roxy's house </s>
m going to work </s>
<s> <s> sitting on my
in isreal with you lovely
i am bored i have
like a fucking stalker getting
out loud what your whole
know it and i saw
daughtry and working :) surprised
text from you -_- the
is currently writing a song
and i need to workout
on the laptop </s> </s>
1 4 picture understood to
with the family :) it's
weekend and some time alone
be a hating on me
<s> i know laughing my
old nsync cover i love
<s> <s> it's its a
notre dame quarterbacks </s> </s>
the only one i noticed
lisa hah i'm talking about
you don't even know what
bad fuck you know what
too do you know if
staying home while we go
<s> <s> it's its a
for the retweet about the
album i like it and
hours good night </s> </s>
it's really competitive right it's
the bahamas baby </s> </s>
some reason you not on
delicious things i've eaten in
to school tomorrow </s> </s>
like everyone else's laugh out
at 17 and missio st
planned out before i went
at 800 gigabyte a quarter
tonight with you baha wow
listen to episode 1012 of
to text you instead of
<s> and she won't give
some how i'm full of
like i don't think you're
in a television show in
just realized that although i've
<s> facebook retweet hey steph
i hope you can :d
long are you in texas
i've been slacking on my
calling her and leaving messages
feels like forever </s> </s>
smoking um what </s> </s>
know you and be like
over them they're the business
city and jamming to taylor
<s> <s> laying down finally
other day really good movie
this 100 degree heat </s>
think about tractors i need
i keep forgetting i have
i wanted to hear shinobi
fell asleep way later than
parked in front of my
hell with the engineering </s>
you for letting me know
instead of replied </s> </s>
rx <3 far cooler than
<s> 5ten i'm a fan
2na would be hot rt
to my wrist </s> </s>
andersoncooper beg for twitter followers
is very cute you all
<s> <s> what's up i've
power those fucking things want
no faking cooking mc 's
<s> downtown charleston and lunch
simpsons and wanting to take
of work chuck norris videos
how have you been </s>
i'm so happy </s> </s>
kidding my bad i'm a
to the doctors ughhhhhhhh </s>
i'm not that stupid laugh
1 2 hours good night
don't know just asking </s>
on it for now sold
train to downtown chicago with
to drinks with dylans web09
i feel you that's why
me some popsicles </s> </s>
be possible no =( </s>
get a witness </s> </s>
yet i don't know what
me feel good :d </s>
feel you that's why i
see some pictures if yoiu
over :) getting on the
<s> i don't want to
<s> getting popsicles with my
that dangerous you are alone
<s> <s> it's its called
but the package together was
d comes through with that
done with laundry yes finally
you :) and yes they
<s> 16 kilometer done now
i didn't really like it
pero thanks baby girl i
mess i shouldn't even worry
to jasmines birthday party tomorrow
to stay there instead of
presh are hitting the pavement
to i'm exhausted i didn't
my pants i'm so happy
was supposed to check was
people who retweet ed our
<s> <s> hey you are
way better it's its a
niagara peace don't expect me
<s> <s> thanks for helping
whole week cleaning up the
aww you cupcaking with vanitilla
<s> my boyfriend just switched
m tuesday because they caught
just finish working out after
locked in and kickin butt
527 and working li </s>
today because i'm flooding time
but still go to the
messages and even got an
what the perfects look like
reach these kids </s> </s>
drive four minutes instead of
not yet next week i
to go shopping :( </s>
<s> <s> hey i am
good day night </s> </s>
<s> <s> loving the weather
<s> <s> waiting for emsters326
then if you got it
with joe because it was
490 a quarter i may
in it's mouth </s> </s>
up in the morning </s>
day i haven't slept on
don't know where everyone is
its so slow at work
hah i'm talking about on
d and tractors don't laugh
blessed my brother what you
the package together was more
<s> <s> people are talking
<s> <s> continued i'm such
at this text i just
all are fantastic :) </s>
the livingroom everywhere </s> </s>
4a m going to work
<s> <s> waiting for company
slap you and theres movies
the world won't be </s>
know what i'm going to
with you girl </s> </s>
people believe it's its ok
to a nice fish dinner
<s> hi chester when'd you
you in texas for </s>
way to mayday :d <3
jake finally admitted he likes
until my birthday wooohoo </s>
they ought to be can
now on i'm going to
stay there instead of dorm
has a mustache </s> </s>
going to relax </s> </s>
in the bed </s> </s>
loud they don't look that
the faint that's all i
a healthcare youtube for view
want it girl laugh out
what you're referring you should
<s> <s> because i don't
in the morning </s> </s>
and my brother taking the
to work tomorrow </s> </s>
<s> but you're on the
you said you going to
it was too serious but
coaching kids and you staying
it was painful </s> </s>
customer service number i'm stuck
she was just extra quick
from twitter loser oh well
:d readding all day (:
not a euphemism </s> </s>
have a dilemma i don't
license ahhh crap </s> </s>
place by the beach 3
have math homework =s </s>
no lie you're amazing </s>
have to go to work
are you actually moving there
have many friends in sl
to dream loving life :-)
people on twitter message me
of the coaching kids and
what a beautiful day at
be a long train ride
yes they are thanks </s>
<s> up and off to
you need someone to take
people some great tweets on
together was more then if
week of absence and it
<s> <s> chilling like it's
will see you at modern
what a bad one :(
with vanitilla and i gotta
my bad i'm a blonde
got a big to do
<s> <s> watching step brother
we probably wouldn't have to
johnsoncab looks anything like nick
good idea to stay there
to take tiffy's car to
some reason it's its not
<s> 1lovelydreamer that's so wonderful
hope you are feeling well
<s> <s> it's its so
a text from you -_-
my pants because i don't
like you though hehhe </s>
don't think you're joking </s>
<s> thanks for helping us
<s> <s> conference with ron
and contemplating going to bed
need more friends to be
jonathanrknight i wouldn't think about
was going through the online
usefullness as george w was
newly edited myspace that picture
asia this year maybe </s>
leaving messages and even got
kind of confused like huh
twitter family don't be mad
getting heavy think i'm going
thanks baby girl i appreciate
<s> <s> thanks for the
brother is obsessed with the
with an assault rifle </s>
random pplz following me after
best for you </s> </s>
<s> <s> people look happy
i do know it and
look happy and lots are
tweets on friday we have
little to nothing from it
overcast here but i do
everything from your twitter </s>
<s> cuddy's keeping me up
me eating with family casbeers
bed but i'm too busy
woke up got a grumbly
books i feel so proud
to be jealous of him
supposed to check was where
science center with lexamuch </s>
guess it wasn't the best
going to work out then
cookies and relaxing :) </s>
and i don't know how
know just asking </s> </s>
i hate that i have
don't know weather i should
early :/ okay so for
beside me and couchsurfingori spitting
<s> <s> jamming out to
hand in satan's claw </s>
out loud thanks where is
:) i love me some
jollibee is good </s> </s>
will follow religion to the
know it's funny </s> </s>
and it's crazy i'll show
arigato yeah that's the ticket
broke the control key </s>
than regular raisin bran </s>
featuring the friendfeed notifier </s>
to be sick ;) :d
i use i'm not worried
comfiest bed i've ever slept
<s> i'm coming home even
<s> <s> forward michwendysdeals stop
day the niggers took over
wearing a fluorescent orange helmet
<s> <s> wants to go
in milwaukee are fats </s>
but i love playing at
pick up drunk hubby had
and you staying locked in
<s> ahhh i'm so happy
this year maybe </s> </s>
they are killing me sniff
00am that equals/is tomorrow right
on the second day they
feeling well brother so proud
because i'm flooding time lines
from twitteronia message me twitter
hanging out at melbourne zoo
to early can't go back
glad my attorney crush insists
420 word retweet b real420
hours 34 minutes and 56
wow we haven't talked in
in 5 hours kill me
<s> you are the reason
<s> my sister said it's
are up to hugs </s>
jim i don't quite know
just talking about the overdosing
phone with kevin and he
from my lunch o-o so
no idea why i am
to a party in 15
heart is aching has been
this angel to survive if
feel quite nauseous after all
happened in wichita </s> </s>
oh no it's its ok
i love you =d even
ipod shuffle retweet this by
the lakers mavericks game where
only a right wing extremist
out loud retweet italian beauty
ahhh time flies </s> </s>
shows yes it's its always
that was supposed to be
waiting ghi with my hubby
kappas to holler at him
says is mikey mikey mikey
blood before you know it
told 6 months before i
because i like little twist
find some fire shoes for
late tuesday night </s> </s>
who tries to jump out
the tulare renaissance faire which
most definitely can't wait to
to say cynicism is bad
i can't wait to see
they look at you and
my nation icarly's on woot
my dad isn't even here
<s> shit totally forgot i
was like what </s> </s>
no more cracking und </s>
the morning big bear </s>
realized my roommate was home
<s> lincoln nebraska if you
that mule probably be the
out the shower </s> </s>
my computer isn't working </s>
cook with me :) </s>
good middleman layer cake </s>
really enjoy being around too
apply hey what about the
work done before i have
<s> <s> straight up metal
no car though yayy </s>
drives me fucking crazy it's
got the cadillac washed </s>
and some people wow i'm
<s> i don't want to
fucked the right up </s>
need more write here and
practice to end </s> </s>
20th jolly holidays </s> </s>
phillips is killing it in
tkpleslie eh presentation no it's
26 on making the band
<s> was thinking the same
out on quesadillas and now
an all nighter watch out
:) i love me some
and lauren we're so cool
jeremy's and dave's house until
in california i'm tryna get
<s> <s> you'd be surprised
them i don't think they're
with my baby now it's
<s> <s> it's its the
go to prepared for the
like a pervert i saw
i'm taking you home and
appreciate the retweet :) </s>
to sell product in the
first twitter from my phone
like to sell product in
leave my cousin i'm going
mail in braille laughing like
<s> as much as i
feeling you you might be
i just did and i
10 minutes i'm pretty sure
afro samurai before we ride
<s> wondering why do men
got back from shopping getting
feel about moccasins reply quick
you know it's its kind
last me until saturday :(
it won't be by 6am
can't wait until tomorrow get
<s> up at 7 30
<s> you smart and stuff
<s> oh you know we
d so you should get
true blood before you know
then babysitting text or call
but then celeste's mom pulled
to my cousin he's not
i know it's its not
<s> who's your all time
know and it's its like
people friendlier toward you </s>
being rick rolled haha shit
god i can't sleep i
i've just noticed our personal
hahahaha join the club even
i can't join myspace </s>
<s> <s> taking a nap
so i didn't go too
<s> 5 km bike ride
i hear them chirping like
<s> i love you bestie
with my lovelies :) </s>
think but that's it love
to get booed up so
is the first real night
yeah i know it's its
you don't even know what
<s> time for me to
<s> <s> hanging out at
my best friends has twitter
can't sleep like this </s>
men have to cheer my
on youtube for shizz </s>
<s> <s> leaving work probably
was supposed to rain all
am concerned be careful twitter
woke up to my home
say to myself i'm the
forgot i stole harry potter
eat too much chocolate or
so excited about the seminar
your profile picture is one
went to mount glorious for
go go home hate my
stupid phone doesn't send me
that finger licking german food
a text you hope it's
guys you own :) </s>
fe whatever it's its called
old are you now 4x
and i text each other
up bad eyes i know
and just cook with me
haters haters haters haters forget
of our lives </s> </s>
listening to swagger like us
the phone with my baby
<s> oh no it's its
so far let's hope it
joe in theaters i know
<s> i hate having to
you and give you blessing
<s> <s> eating pizza and
has skype skype name is
forever lex retweet jla b
<s> <s> walking to the
go to school until 5th
going to relax </s> </s>
to bed text me </s>
with my girlfriend we are
lunchpail and everything </s> </s>
oh no it's its ok
that song love it </s>
easy i now have like
i am typing and watching
tonight who you think he
someone and they look at
ain't know you was on
red river settlement for me
<s> <s> chilling at my
demented she's 90 years old
know what to do it
she said yes </s> </s>
hair and make up hmm
<s> <s> wondering why do
getting jiggy with it' day
from the oshawa its understandable
sophomore year back i had
<s> <s> you saw the
<s> hey getting ready to
all this work :( </s>
revved my engine because it
<s> <s> i've never seen
would be genuinely happy not
to love you </s> </s>
the most exciting part of
and his name's mark he
sorry am disappointed i hate
ceo's wife isn't it </s>
so are you :) </s>
loud just counting down huh
you but wasn't sure if
<s> <s> awesome you live
starts a conversation i'm addicted
don't act like you don't
hair on stickam (: </s>
didn't go too hard i
<s> <s> you are the
soon enough you will know
i'm really psyched to see
if the best <3 had
know what i'm going to
a m because i fell
<s> <s> existence makes me
<s> <s> getting out of
research but at some point
damn thieves sorry to hear
jonas oh yes we should
or something i'll hit you
starbucks (: then gonna clean
saw the movie lucky hahah
watching afro samurai before we
will make you boy crazy
<s> but still i don't
mraz is such a good
i want dreads my hair
i'm a kleptomaniac fuck my
french german portuguese spanish are
hey are y'all going to
back from shopping getting ready
<s> <s> well i feel
we karaoke'ing tonight or what
chance to download yet will
redbulls sounds like a good
actually we are looking for
with my daughter </s> </s>
home late tuesday night </s>
how can you say it's
knows who hanging out friday
people like talking to my
right man i'm excited i
<s> my booty's hanging out
huge fucking shit </s> </s>
been going commando for ever
want to go to school
know what to do </s>
just to endorse jonas brothers
love gingers let's make it
in pasadena california who's next
<s> <s> so i hear
but i can't join myspace
her stop no </s> </s>
good thing trademark but not
me today because i'm flooding
hugs and kisses to you
i'm not feeling you you
friggin mad because my dad
bringing to the whole karoli
like a pervert i saw
still got love for all
for some mexican at casa
listening to rambling man by
from the gym :] </s>
who the number 218 391
<s> hey biscuit heads video
but ok see you there
<s> <s> it's its like
yall stopped twittering </s> </s>
write you obviously did research
<s> <s> you know what
it was amazing :d but
<s> everyone follow me i
its always things to do
from being with my boy
world go around </s> </s>
half the doctors want me
head on jesse's roof </s>
be a text </s> </s>
<s> i'm addictive to books
i think i'm going to
more :o don't eat too
need a sugar mama any
<s> <s> can't wait to
the beat it's its too
emotionaly and physically the end
have the privilege of coaching
mutual or something </s> </s>
feel like going to a
<s> <s> we're going to
finishing haru's application just in
stand the mosquito bites urgh
hannover yesterday spontaneous trip to
i need to catch up
go to bed got to
<s> <s> life is good
disneyland in your guys face
i know it's its liking
why you ain't throw me
way to kono's for best
me tonight pandora's not being
but my horse is obviously
memorizing usernames too </s> </s>
crazy close your eyes and
tall ass mother fuckers are
join the club even when
gonna take responsibility when they
too much awesomeness going on
i think i'll charge my
arizona i retweet the gc's
your hizzie because i get
here but you're too cool
like a wonderful elevator ride
blog did you check it
got a weren't you cheer
and i pulled a muscle
me a huge favor </s>
don't want to be wrong
that'd be tight </s> </s>
ready for keeneland </s> </s>
a jew whispering things in
is coming to an end
re pinging the sexy unexpected
beep beep beep it's 2
attend dianna's television party last
an update forum nothing special
<s> i have a great
a huge fucking shit </s>
really good you should check
you were with me for
bath no body loves me
you definitely don't need an
and i was like oh
car and revved my engine
good movie recommendations </s> </s>
<s> i love robert and
swag from sophomore year back
for best breakfast ever then
at this text i just
<s> <s> ok still won't
<s> <s> texting my little
you should be sharing it
<s> <s> i'm watching diddy's
<s> just bored with first
a girl that's a good
all of y'all </s> </s>
being around too many laughing
too i absolutely love you
does anyone have a secret
the number times she's forgotten
side i'm loving it </s>
hope it doesn't storm again
<s> <s> i've never heard
love robert and willie shout
but i ain't like the
mbar tonight it's its the
have skittles at 1 </s>
and eating waffles </s> </s>
got to wake up at
dress :) congratulations </s> </s>
in the freaking morning </s>
weekend the traffic was still
by 6am though how do
weekend in francestown mowed the
my god tomorrow i have
hardly believe because you know
most intense acupuncture session yet
spazzing the fuck out on
straight up metal black for
yea i don't have much
i hope you started by
<s> <s> twitter family don't
<s> <s> you've been a
talk to mom 3 6
how are you </s> </s>
are like niagara falls from
but its all good now
know what you and the
how much tonight was a
the concert you don't want
rodriguez is your hero i
a 7 year old as
have something to keep them
it for you :) </s>
a pleasure to know what
oh no it's its ok
<s> <s> waiting to get
i hate wireless hoping this
we're so cool =]] </s>
off 20 minutes ago i
<s> <s> dude we'd better
my trampoline chilling with bill
<s> <s> morning twiggers at
<s> <s> that's like a
night out and my aunt
daughtry and working :) surprised
<s> <s> well my radio
<s> <s> don't never let
<s> <s> random fact about
4 is hilarious </s> </s>
<s> hi oprah this is
with my friends today </s>
is efing creepy </s> </s>
kidding i love you </s>
town hall meeting just passed
5 not yours </s> </s>
if you aren't gaming i'll
in the car :p </s>
at 10am it's its become
like i don't think you're
be ftp i've got to
like to know why alex
<s> just rolled out of
pass any assessment </s> </s>
a text that's so cool
planned out before i went
that angry about the bank
me some popsicles </s> </s>
but still go to the
riders in provincetown do their
like i don't think you're
get it cracking laughing out
from sophomore year back i
stuff from the street and
do it tomorrow evening we
to hurry don't want to
world just starting my day
to the doctor 's today
souljaboytell them like a hoe
have to cheer my heart
around souljaboytell them like a
the doctor's now on a
news if you ever have
<s> i didn't think that
english class except this girl
for easter dinner with bitey's
is it racist if the
my son bouncing to the
i just don't laugh out
her birthday partying it up
<s> <s> i've been up
my jewelry teacher's puppy so
cranberrys a caribbean and a
that plane please retweet i
loud he's so awesome aiiiya
<s> oh no it's its
be naked with a tool
often bus advertisement boards get
know mikeyway because you should
to work 30 minutes worth
sub 8 minute 5 mile
night whhooooo fucking whooooooooo robin
for the actual hell i
<s> facebook thinks every word
got the cadillac washed </s>
want the diamondbacks tickets </s>
in his eyes </s> </s>
hungry happy crying smiling </s>
we got you 25k now
don't think you're joking </s>
his new artist's guidance counselor
you're a great ball player
level of embarrassment 10 </s>
right are dumb laugh out
wow i'm starving </s> </s>
with my boy </s> </s>
the moment shaking at seven
think i broke my arm
always wanted to send you
sent a text message to
other day really good movie
just did and i replied
andrew ratcliffe erin 'it's nice
ever note let's see how
devil horns come out </s>
had 40 chocolate wafers in
on the internet </s> </s>
now on i'm going to
stares like i'm a kleptomaniac
reading more of your book
in real life too xd
i feel sick yuk </s>
might be getting pumped full
the movies later :) </s>
texting my little cousin oh
sad y'all couldn't work out
made it all </s> </s>
just had first sedar great
lunch with strolling nolen </s>
know if you find out
a ps3 what you think
i'm watching diddy's group day
is nice mustache </s> </s>
dogs a bath cut their
i'm so disappointed to find
okay i love him he
cheesy chip for 40 people
my god haven't been on
molestation obama administration compared to
bitches and hos finally out
<s> sweet retweet shanselman rt
<s> wait until you see
out loud retweet michael ian
would recognize you from the
to thank everyone for all
<s> muhahaha that's what you
then just don't know if
kisses to you and edub
self fullfilling prophecy </s> </s>
<s> ahhhhhhhhhh russell brand is
storm when it's its on
myspace or something i got
puppy so cute </s> </s>
trouble for watching step brothers
is working today </s> </s>
for which android phone should
have him because i like
i'm thinking i'm just gonna
so just replied to your
<s> 2 hours later i'm
my little cousin oh my
of the doctor's now on
i knew it's its because
mikey mikey mikey laughing out
<s> he raping the game
love you too </s> </s>
i have to actually get
its been raining for almost
of a hustler </s> </s>
it moving you know </s>
then to mount nebo jolly's
mate serves you right for
to have you here with
i'm not sleepy i figured
sounds like you're getting them
<s> if you watch guiding
<s> come to fod chat
settlement for me screw social
<s> that's why i tell
if a girl too popular
to tell you check out
<s> <s> i'll whisk it
not you're disappointed </s> </s>
nigger q tripping shaking my
i do shopping hehe </s>
always things to do </s>
because if you are you
she my miracle was told
you doing texting me at
that is so cool :)
again today with a 39
<s> <s> kazakhstan is just
you in phoenix next week
you are you should be
how about you </s> </s>
gonna die yet somehow you
<s> why are girls from
here until thursday </s> </s>
sister said it's its always
r s haters haters haters
screw social studies </s> </s>
meeting room playing heads up
brunch dog shit cheap laugh
<s> <s> sushi i feel
geared up for the 1st
i love robert and willie
aiiiya or whatever can die
really embarrassing check your email
an interesting tuesday </s> </s>
<s> hmm dom's mate at
my future boyfriend today guys
in the shower </s> </s>
to school wednesday </s> </s>
hey twitter it's its bedtime
get my phone and check
<s> 19 minutes to get
with me for it plus
your nervous and she gives
was so easy i now
for here and tell them
i love you too </s>
be a fucking long day
ugh i'm so mad laughing
and i absolutely love your
mean you can have skittles
football and you're a great
does soon you'll come home
type is nonexistent in the
<s> <s> chilling at work
with a girlfriend i want
it back what's going on
type of literature but i
granata call lisa she needs
need to go to bed
about wife in the past
low and i'm crying i'd
i have to work from
got to robert's walked aiden
i'm not because i already
me the same 2 notifications
<s> <s> huge thing you
sounds like you're getting them
<s> <s> didn't really think
what bigkev application says or
guys so much </s> </s>
remarry is there no other
baby birds living in the
to have for the next
my life nigger on the
valerie's queso it's its so
<s> we're about to watch
up why you niggers all
noticed how texting make people
<s> <s> you're a whore
<s> <s> what's wrong with
the armies so much metal
its a party in the
<s> so excited for this
just cook with me :)
<s> <s> and once i'm
driving that oldsmobile she probably
to eat probably in boystown
support them please :) </s>
the decepticons family i don't
sense though because keshi isn't
hand the number times she's
<s> <s> thanks why you
<s> <s> i'm so freaking
way back to whack ass
why you niggers all up
dripped and everything </s> </s>
<s> <s> trying to figure
<s> <s> laying on the
rare fish achievement took 2
<s> <s> who's your all
was talking at nobody 251
smith and the cure to
on the train </s> </s>
plane please retweet i love
10 times finally going home
<s> <s> you should check
have to move </s> </s>
the last indulge tuesday </s>
friend kevin watching general infantry
was wondering why it was
<s> <s> hey getting ready
lower your vicodin dosage </s>
outside and it's its like
on the phone i don't
<s> <s> just started singing
me a vanilla cone :d
got three pairs of jeans
enduro this weekend </s> </s>
rules duel too looks like
number it doesn't exist in
nap to sarah's later on
and i wasn't expecting you
<s> i hate driving stuck
sounders vs barcelona game so
my nation icarly's on woot
<s> <s> oh i ain't
have muchos thursday </s> </s>
boyfriend to come over (:
2 we are there </s>
hotel room chilling </s> </s>
skof skof advertisement on c4
happy crying smiling </s> </s>
new i didn't know i
<s> ureee crazy girl hahaha
things got fucked up :(
my bed set :d </s>
you ellie it's its been
got a text that's so
got to see huis bad
been on in a while
with your overweight sister </s>
jericho is disrespecting mickey rourke
<s> <s> especially when you
<s> i know laughing my
it be let's just see
take care until i come
a new postdoctorate @_@ hmm
keep gaining weight grr </s>
sh t thanks to twitter
out of school ;p </s>
game up you might stop
of my favorite shows ever
that chilled with me </s>
words a decepticon </s> </s>
<s> <s> doesn't feel too
my radio wasn't on haha
<s> just talking about the
you for months </s> </s>
1 2 because of the
god fuck you and fuck
if you are you should
keyboardist but whatever abr saved
listening to dirty man talk
you now before i break
cool i wouldn't have imagined
davedresden vocal tracks are like
door open for someone and
a baby congratulations to her
head on my shoulder and
to do homework </s> </s>
needs it bad laughing out
<s> <s> well i can
survive if you have a
<s> i need you :[
<s> i'm working on it
to sleep night </s> </s>
will will never be in
we beat them in football
that's where i'm sitting </s>
any twitter applications that are
from his getting jiggy with
ass off that's dirty laughing
and the most exciting part
plane please retweet i love
<s> i wasn't stank laughing
a store with paid for
sprio's on saturday one of
to be freaking awesome </s>
at my parent's house visiting
was an amazing day band
keep it moving you know
oh i ain't know you
wait to see you in
its the last indulge tuesday
not feeling you you might
follow me at </s> </s>
actually get to work </s>
game i own noobs </s>
i hardly believe because you
go before week's work done
the worst episode ever filmed
my cousin he's not amazing
loud well i'm waiting for
stopped my management from breaking
keep thinking about yesterday :-\
^^' you are strong :d
<s> <s> shitting me nigger
and 56 seconds the time
<s> gross i'm getting braces
yhwh go before you and
doesn't feel too well something
was thinking the same thing
for my birthday but really
important test tomorrow that's going
twitter hugs and kisses to
like teaching trigonometry to toddlers
so where'd you meet me
thanks for spreading the word
has already achieved but what
holy shit it's its almost
right now shoot </s> </s>
i said hi </s> </s>
got love for all of
<s> <s> slinging the drink
see my daughter she can't
it's its called i hated
<s> <s> why do people
don't think you're joking </s>
<s> yay johnny's here i
about your birthday happy birthday
oh my god fuck my
can't wait until the end
so hungry it's its all
had the caffeine now i
dean koontz paperbacks at walmart
<s> <s> no i'm not
like a pervert i saw
<s> the immobile bricks is
<s> i don't have to
<s> <s> creeping people out
then you definitely don't need
<s> leaving jessie's off to
to be available </s> </s>
it's its liking mine right
a buildin having a fruity
the realest retweet yasmeeennn you
minute 5 mile run since
twitter maybe i'll find some
to autozone without dad </s>
contest starts tomorrow </s> </s>
<s> awww i've seen jeffree
pizza and watching afro samurai
just a millionaire laugh out
movie me like (: </s>
for 4 hours and 15
are you doing texting me
thank you for that twitty
<s> he raping the game
for 4 years just left
looks like you've given up
<s> 0 watts in the
was a definite chick flick
cute little piggies :) </s>
my nigga what's good to
a must adrian's rage ms
my head niggers </s> </s>
so at sprio's on saturday
i know you got some
<s> you know it's its
needs it bad laughing out
yall i appreciate it so
nasi lemak never tasted so
it up completely </s> </s>
in law super </s> </s>
i was looking in the
the video's amazing i loved
work on homework or i
<s> <s> it's its already
<s> <s> about to take
d2 days with the money
i just vomited in my
read if you get a
ben and jerry's ice cream
die today at 9pm who
i am jocking ha </s>
in caldwell texas we are
<s> <s> hey one thing
sitting at work trying to
you too nate </s> </s>
way to robeks </s> </s>
<s> <s> shit totally forgot
this is mcdonald's are you
taking a nap because i
the sexy unexpected i am
and why text back :)
work to koreatown heat's not
cutie hope you guys have
says this can't be the
ever 'twitted' in my life
<s> its hot like a
<s> maybe that's why we
<s> <s> sorry if i
out from mixing tracks </s>
haters forget them and keep
for my chicken and what
<s> why wouldn't you invite
<s> damn thieves sorry to
<s> <s> psychology digest to
you and don't say thank
to theaptour i'm over it
my little sister shary </s>
i like little twist :)
to justin timberlake hehehe </s>
told him to tweet about
gym 1st tomorrow it won't
lightning and it's its raining
thanks singlehop for all the
mewbiez hahahahahaha that's the best
and then going with mom
<s> fucking bugger sucks to
just because you but because
that the council would have
haters haters haters forget them
<s> she's touching the child
frustrated cs people that big
time lows merchandise girl and
bill and lauren we're so
what do you you want
=( how are you </s>
<s> <s> we're about to
test tomorrow that's going to
they guide you through it
internet is down </s> </s>
left the australians :( going
i wasn't planning on drinking
guess i should be up
dro vip family we love
of summer today </s> </s>
a m your boy is
hang out with my friends
<s> no i'm not going
i went through to make
out loud retweet quen713 i
god i'm so bored i
wonder if mikey mooney is
a bad girl </s> </s>
be buying ak 47 assault rifles
i didn't point my tweet
feel quite nauseous after all
<s> yay that's what i
ass mother fuckers are always
<s> i'm glad you had
i had to add him
good 10 minutes i'm pretty
<s> i've been up since
<s> good friday was super
quay this weekend </s> </s>
that angry about the bank
back at snookie's but its
the phone with these fuckers
she's buying retweet pamela jeanne
but really wishing you were
<s> t.t don't want to
<s> hahaha i'm not the
you don't like that laughing
<s> phone with kevin and
twitter family don't be mad
should be sharing it with
i was supposed to but
<s> <s> it's its been
bathroom a little nigger had
might stop acting like a
<s> so supposedly its like
watch ferris bueller's day off
we are starting a prayer
want to sleep </s> </s>
<s> <s> zach granata call
our own gutter queen nicole0415
mooch sugar thing </s> </s>
on sky television </s> </s>
with a vengeance </s> </s>
this twitter thing work from
oh my goodness nom i
<s> <s> diplodicus is the
<s> 32 gigabyte iphone i
<s> <s> can't wait until
90s song couldn't figure it
so i don't know anymore
movie me like (: </s>
with my boy my lips
of ocricket especially the cricket
if you ever need a
<s> at coldstone's with my
tell chuey they're boring hahahahaha
a funny motherfucker i have
the older two are back
i should be up too
i can count on one
i so don't know how
was on the cpu but
sounds like you're getting them
be happy you come home
hour reading more of your
a hankering for some crappy
<s> zach granata call lisa
with my friend's brother woodstocked
finished slay's tatto he cried
<s> in class chatting with
she thinks doctor drew is
got the cadillac washed </s>
<s> not feeling the browz
what's wrong with takin a
made the shittiest pancakes ever
been pretty crappy so far
<s> <s> it's its the
for a synthesizer </s> </s>
today after work my boy
do you you want a
are very dilated this is
loud i know right man
if you forgot you still
reply quick because i getting
hanging out friday p m
mean i won't be your
say about you my sweets
get sick girl </s> </s>
the conchords tonight </s> </s>
9 at ivy's </s> </s>
<s> morning twiggers at work
<s> <s> chilling i have
don't think you're joking </s>
tears we'll conquer all out
two bb's retweet </s> </s>
was just spazzing the fuck
hope it doesn't rain </s>
random stuff from the street
now i'm going 2 have
off work hanging with joe
<s> i don't look like
her twitter and read her
and if you ever need
leaving work probably head to
was linh's birthday some crazy
a penguin platypus a pirate
off the computer <3 haha
luckett's she ain't got shit
<s> i know and it's
and check messages </s> </s>
2900 on facebook let's go
hair okay thank you </s>
get my exercise in somehow
gym then pokemon league maybe
<s> <s> just got out
oh my god there was
adrian was wondering why it
the street and starts chowing
<s> you should be out
it's not you're disappointed </s>
to go home and </s>
crack heads with the 2
i really don't want school
walmart yesterday and now can't
annoying and desperate 'listen to
a spouse to death and
replied to your twitter thinking
every time your phone gets
<s> i know d i
hmm i wonder if i
to come back :l </s>
<s> <s> plugging in to
matamua the scariest thing just
of que's whining crying ass
all that chilled with me
sight love you cameron </s>
cooking =/ especially in this
<s> <s> today was the
of the shittiest pancakes </s>
with the vegetable monster as
on the alcohol baby text
<s> i'm so excited about
i wrote to donnie </s>
it gets better </s> </s>
a concert that's crazy </s>
that a crowd of girls
<s> i'm so bored at
with the reorganization at least
of 10 recommend the deathstar
be freaking awesome </s> </s>
i can't concentrate on anything
ok high school and don't
think you're obsessed with twitter
relax and enjoying my morning
<s> i guess but still
won't deliver because i'm in
you cheer captain from some
want to chill </s> </s>
character and why text back
it up all night :)
when though retweet tim gates
i don't normally say this
from shopping getting ready to
i won't because i'm leaving
we most definitely can't wait
tweeted that because i told
<s> going to bed wish
speak about to put a
loud i accidentally sent a
what they missing :-) night
like oh sure but then
<s> on august 7 2009
it's its almost 4am </s>
think you harassed me enough
worry about postering time </s>
way to the club </s>
day in austin pic toy
also help please </s> </s>
only 300 gigabytes to go
it really embarrassing check your
your vicodin dosage </s> </s>
you because it's its always
really wishing you were with
it does transfer that word
open for someone and they
its almost bedtime </s> </s>
the ocean again :p </s>
totally tweaking shouldn't have had
behavior if you're not on
are there pregnancy tests on
my 2 year old nephew
a twitter account who in
was so fucked up </s>
embarrassing check your email in
<s> yayyy for the love
dj wildhair that's my nigga
babz howz you i want
to come over (: </s>
just get excited </s> </s>
ps3 what you think about
rocking out with kroq on
was pregnant yes </s> </s>
<s> <s> no hahaha i
michael buble so pretty </s>
it with your overweight sister
do yeah that's what i'm
<s> getting popsicles with my
<s> that wasn't too awkward
need you to do me
is the clitoris </s> </s>
couple of videos i took
home in atlanta </s> </s>
<s> <s> whatever tierabluu is
i think it's its almost
i love you bri </s>
you boy crazy close your
<s> <s> you have to
<s> on highway 70 on
i say about you my
got 9 stitches last night
thursday are you going to
love you cameron </s> </s>
<s> <s> going to bed
like i haven't :*) </s>
<s> 10 hours in a
drunk i shouldn't because i
sleep that should help escape
trucking =) heading home </s>
<s> <s> christine makeouts sandyboobs87
just hurt them at the
minding my business i then
they were naughty dollys </s>
exhus to the airport </s>
guess but still what's there
sent out rebels me and
in the morning </s> </s>
out on friday to music
scene oohh man ohhh man
bad to twitter during graduation
of the book to write
next 4 years </s> </s>
:d but really tired now
<s> i have to go
what the fuck </s> </s>
<s> <s> hanging at home
<s> thunderstorms suck especially when
twitter was just spazzing the
my nation icarly's on woot
awesome chat regarding best men
new artist's guidance counselor the
way too motherfucking goofy and
be done retweet the buddha
randomness is contagious </s> </s>
to send you a message
lie down somewhere :0 </s>
chicken and dumplings for supper
from the television shame </s>
message me your number or
vinny in alex's bunk every
woot woot journey's blacklight party
up metal black for me
with you for months </s>
today i think once pocoyo
500 water balloons no big
season finale tonight who you
what's up you have a
she is so a total
the gym sugars oh i
stepped your aerobics game up
home no games </s> </s>
in francestown mowed the lawn
special i love you bri
up on your webcomic laugh
<s> <s> rocking out with
prayer chain for this angel
was pretty lame anyway </s>
great ball player </s> </s>
aye oops that was supposed
the ceiling until sleep overtakes
your eyes and count to
going to retweet since i
and your homegirl loves it
should see my dick </s>
to get over that she
in college it's its only
the way you think </s>
sent out because they don't
no i don't own a
chowing down never seem to
my wife to carry the
in the criterium not bad
which i haven't done in
over to grandma 's house
man ohhh man </s> </s>
times a song i never
favorite shows ever </s> </s>
mendo when your kids know
demon to father candido exorcist
him for making me </s>
<s> my god that liverpool
yeah if spamming twitter is
in class chatting with everyone
night that nigger q tripping
<s> <s> just got back
<s> oh girl i like
everything thank you for that
<s> i don't normally say
no nooooooo i'm the blessed
<s> i miss you guys
living in the corner of
<s> <s> retweet dj miss
his morning coffee </s> </s>
can't wait to see you
my way back to whack
movie me like (: </s>
man good night yall be
<s> <s> already direct message
i be confused </s> </s>
fucking brilliant retweet simplicity provides
:) it was amazing :d
it's its because i'm a
things looking forward to tweeting
what a beautiful day at
aevs37 then waiting for lishz123
<s> <s> kory's scrimmaging like
<s> eyes getting heavy think
for google applications is chicken
getting heavy think i'm going
all time favorite shows yes
<s> <s> israel repeated a
now to woodman's my new
today because i'm flooding time
at walmart yesterday and now
turn the computer off now
<s> your picture looks like
for the freaking pharmacy i'm
<s> lincoln nebraska if you
in the world ;) </s>
way you think </s> </s>
hes like who's that and
no motivation today oh my
<s> <s> and now the
<s> i don't like how
out loud retweet bwjunior clinton's
some gosh darn make up
first real night out and
other all the time </s>
ship flyin high </s> </s>
<s> <s> damn she is
at 12 hours 34 minutes
<s> just realized my roommate
playing boo radley's 'wake up'
kick her ass laughing out
the 91 freeway of if
from easter vacation we need
and i know it </s>
<s> <s> zippy's trivia zippy's
<s> <s> leaving now and
my dad because she is
<s> <s> it's its from
i want to see 17
stuff to do </s> </s>
high school show :] </s>
am totally tweaking shouldn't have
city he's in glad he's
laquisha leon you need to
<s> i don't know why
about how conceited and slutty
times now stupid </s> </s>
ohhhh hope you had a
music or whatever his name
fun :) text me when
<s> <s> what hold on
<s> i can't find hallie's
she was terrible again i
<s> fucking ass an empty
forever lex i've had a
by 545 that'll be hard
in 1000 degree weather then
if you didn't notice i
now i won't sleep tonight
was meesa saying </s> </s>
dave's house until later </s>
up and trucking =) heading
me if you're going </s>
of people because their avatars
my god i'm so bored
<s> twitter family don't be
self fish boyfriend </s> </s>
sorry to interrupt but he
ok see you there </s>
york will you find people
it's its so good </s>
i'm not feeling right at
and put sneakers on then
now on i'm gonna act
haheha of course he does
ice cream roof eaters for
all is i'm going to
texting make people turn to
morning how you doing lovely
nothing but literally roll on
out loud you like this
past 10 years i can
going to work out then
hbo doc thriller in manila
school and pursuing my dream
all the birthday wishes all
at work flirting with the
to it while i do
add him you can't touch
need 32 gigabytes </s> </s>
a young nymphomaniac </s> </s>
me your number or something
my swag from sophomore year
twa mooch sugar thing </s>
s haters haters haters haters
tierabluu is doing in there
year old's birthday </s> </s>
<s> blimey i've been informed
love hornswoggle too so cute
look for you </s> </s>
i was wondering </s> </s>
watch the cavaliers beat the
beautiful name just learned some
crowd of girls can be
did my company's version of
with my lover </s> </s>
in 2 minutes </s> </s>
its always intense i have
poem which wasn't a spell
please get people to start
blarg also help please </s>
flick i don't prefer chick
<s> i can't believe i'm
to suck ass </s> </s>
she's 90 years old </s>
<s> and don't forget to
a twitter account </s> </s>
it seems shaking my head
back at you </s> </s>
in law maude's mum </s>
the hitmen are up to
guy 47 you </s> </s>
so i hear thunder and
nice lol okay good night
be down unpacking and stuff
<s> <s> jamming to youmeatsix
alcohol baby text me 317
pretty lame anyway </s> </s>
makeout with you ;) </s>
be anybody you want to
<s> <s> i'm so excited
fast the furious 2001 last
how do you do it
it was supposed to rain
out loud it's its okay
a mature gentleman for </s>
time is coming to an
it's its quite funny you
i'll hit you up when
should watch it </s> </s>
the realest niggers in the
<s> <s> everyone the girl
and i still can't understand
them out later </s> </s>
go to another show of
go home hate my roommates
<s> the republicans may've finally
to start following me too
to the beginning :) <3
south park episodes united states
time to start moving sites
all night any way hmmmm
<s> <s> because you're gonna
<s> <s> basically all it
deal 97 million that's nba
5 but first i have
is trying to get booed
a little nigger had the
to know it's its the
because i'm flooding time lines
with these fuckers god damn
and talk people think i
to forget about me </s>
jla b forever lex i've
i shouldn't because i have
7eleven for slurpees </s> </s>
for the next 4 years
<s> 19 minutes to get
<s> just because if for
only been facebooking lately </s>
mature gentleman for </s> </s>
number or something i'll hit
thanks why you ain't throw
that zune because all the
was like oh sure but
have for the next 4
<s> <s> i'm at the
know right man i'm excited
from my phone </s> </s>
text or call bad princess
day tahnaye and i text
it so difficult to go
terms of society's sick role
school and don't know what
is mikey mikey mikey laughing
so sad y'all couldn't work
a fun weekend </s> </s>
anything and i'm spacing out
on film4 you could have
some bitches and hos finally
waiting for gandalf to start
way before you were laughing
me so he's not even
hope you're enjoying the beach
loestren fe whatever it's its
how are you </s> </s>
that i don't believe in
<s> oh no it's its
weekend of pimm's chocolate bbqs
boy is working today </s>
is a bitch not goinging
when a nigger tells you
can't believe i'm going to
win at solitaire </s> </s>
left foot painful :( </s>
to get chosen i don't
with the ladies </s> </s>
until later tomorrow for all
twiddles and facebookers still in
don't think they're myspace worthy
deliver because i'm in east
need more information before we
would be so unoriginal and
<s> spring break thank god
about the overdosing on the
my god you're my life
<s> <s> super sleepy </s>
<s> israel repeated a song
just for basketball :p </s>
want to in a text
<s> 4 hours until i
bit i won't return as
orazio was choosing or trying
more days until the concert
gas or something </s> </s>
<s> <s> why wouldn't you
was craving sweets i want
<s> <s> forever lex retweet
tweet obama doesn't need to
favorites how about you </s>
have eaten way too much
<s> <s> chilling like it's
<s> fuel hemorrhage in my
loud libra august 5 </s>
thank him for making me
<s> <s> i'm sure you
as content with the vegetable
now on i'm gonna act
i find it really embarrassing
<s> tonight watch a band
<s> <s> zach's retarded but
of the integra then half
drink so i'm full of
the kids blazing in the
aren't gaming i'll have a
on some gosh darn make
call with king 8 </s>
car and i'm hungry so
facebook is far too complex
here in arizona i retweet
my daughter birthday </s> </s>
<s> 19 minutes to get
30 on thursday are you
life on fire </s> </s>
<s> <s> nothing like novacaine
i really don't remember how
i then babysitting text or
song i never hear baby
taxes on anyone making less
this guy is efing creepy
know what to do with
<s> <s> chugging away on
to you and edub he's
of ocricket especially the cricket
lunch at brandon's i really
this twitter crap </s> </s>
homebrew ing you're working on
church was amazing (: its
to know it's its the
i was craving sweets i
you find people who have
god my friends tell me
<s> i can't actually describe
work 30 minutes worth of
sure that i'm not going
<s> <s> shit i sent
to get at the pack
for my son's birthday party
<s> aw fuck you beat
kimkardashian trey songs i need
believe in finding the love
model for anything </s> </s>
it was supposed to be
cream roof eaters for the
lanaberryyyy you telling me i
to go shopping :( </s>
the car without telling j
going to change my identity
<s> <s> what did you
its not amazing but i
that mule probably be the
playing in england </s> </s>
hate you because it's its
to watch beyonce's new movie
and stopped weird </s> </s>
<s> <s> sal's for dinner
and sydnie haven't been here
<s> is watching day 26
<s> <s> yes frank music
the hell are you doing
the fuck how's a guy
my friday morning ritual :-)
<s> lavinm retweet monday asfaq
scott robin retweet cody tripp
a man cutting down my
chick haha holler at me
how things happened literary chat
just my friday morning ritual
if i don't answer my
choosing or trying to get
at biolife tapping my money
needs more women role models
my booty's hanging out of
you should he's awe fucking
<s> hahaaha yes they do
he is loving sweet and
out loud although now that
that's what i'm thinking i'm
i really don't like cooking
that was amazing </s> </s>
to get duly unfollowed until
the book to write you
me ^^' you are strong
heads with the 2 year
donttt and your homegirl loves
<s> ahaha whatever i don't
i call you around 5
rockits just finished 10 things
be an interesting tuesday </s>
drinking beer mickey's writing a
of my apartment want to
so had to make a
too in graduate school </s>
really true because that'd be
to school until 5th hour
for this beautiful day </s>
see eyealaska so stoked </s>
pizza with broccoli or however
<s> lincoln nebraska if you
strawberry margarita margaritas :) jonas
but i thank him for
so damn lazy will i
i thinking i'm going to
<s> no honey she doesn't
dude riickybobby i've been talking
is far too complex </s>
special diet because if you
had my photograph made with
hell are you doing texting
summer with andrea </s> </s>
<s> <s> just have the
it doesn't exist in the
shitting me nigger i was
get to go home and
the movie lucky hahah i
it's up to my wife
in new orleans </s> </s>
two hours until drilldown now
<s> <s> i've been awake
notice i didn't point my
random fact about wife in
up but text the cell
true because that'd be tight
class x.x heading back to
fuck up and you do
frankie just phoned i can't
day off too </s> </s>
to the quay this weekend
<s> i don't like any
of ocricket especially the cricket
you but because we love
<s> <s> bored of all
<s> <s> listening to swagger
mumbly part that's where i'm
out loud you're a mess
there sight love you cameron
<s> <s> wait until you
am 14 years old and
got a little free time
not there doesn't mean you
off just because i have
get way too motherfucking goofy
minimal crying can't believe i
and starts chowing down never
i get to go home
building aerobic fulfillment at the
facebook thinks every word i
<s> <s> thanks cbs i
where did you find 7077
i need you to do
for me thinking me my
their 8 year old son
a new one follow me
preparing for jonathan's reception never
in the fucking yard and
my engine because it was
kikka your butt </s> </s>
think he wants the rain
times she's forgotten to unlock
i ain't know you was
to koreatown heat's not that
it really i've always wanted
jealous i can't wait until
like basically some pictures better
has a smiley face on
back to whack ass vegas
o o bad </s> </s>
be on tomorrow </s> </s>
a 16 gigabyte and they
i'm bringing to the whole
friday good morning tweets its's
had a fucking great ass
i'm a nigger :/ </s>
<s> <s> girl please i
least until february '10 </s>
go to guidance for a
<s> <s> maybe i'm thinking
and at them :) baylee
miss in arizona the other
<s> <s> who'd you fuck
qc but don't got enough
for the character of vanessa
find it really embarrassing check
obama administration compared to being
out tahir register on youtube
the hot tub it's going
of a shopaholic my oh
looks like circuit training today
i don't know anymore this
back tomorrow at midi </s>
she probably jamming to her
my dear doesn't even give
everyone is trying to get
<s> ugh don't i know
walking to lisa's house in
<s> yeeeaaayeahyeah it's its a
can't find hallie's number it
<s> <s> that's why i
an end everyone is trying
huh i can't wait until
seen your at replies for
have seen undertaker 's face
<s> i'm jealous i've been
were from phoenix that is
bruins game at the td
on the deck with emm
a wrap retweet damien randle
good now we're still going
or not because i seen
me well you're between the
<s> <s> be happy you
you don't even know what
club golf tournament </s> </s>
name dj fresh </s> </s>
<s> random fact about wife
and saw lightning and it's
not just because you but
alive it's alive my car
phone on warranty </s> </s>
new jersey lucky </s> </s>
tad bit bored =] </s>
this morning about to get
10 days until the jonas
or not i'm not sure
of my favorites too in
for the retweet are you
<s> i haven't moved fron
<s> whoooaaa why is this
i'm saying picture or shut
you guys tomorrow check the
whisk it i've got a
texas we are starting a
it's just chilling out i
i'll catch you later then
passed 90 minutes and some
<s> <s> fucking ass an
feel quite nauseous after all
staying here until thursday </s>
<s> hey are y'all going
<s> <s> lunching in the
the leg ouchie </s> </s>
all day with lappies on
behind me driving that oldsmobile
and i don't thank god
too cold it's its going
1 question from s1 tonite
que's whining crying ass </s>
up this weekend a few
act so crazy when it
to small ponies </s> </s>
not going to :-) </s>
listen to her haha :)
there then business and then
up way before you were
aunt is fucked the right
love you bestie school is
lose 15 pounds real quick
ice cream it's its called
up running thanks singlehop for
other reason it's its funny
about you it's its quite
aww so where'd you meet
33 going to miss paula
day for swimming :) </s>
hear them chirping like hell
your pants homie </s> </s>
because keshi isn't here </s>
<s> <s> watching ruby and
<s> i officially hate you
bunch of superstitious old women
in bed probably asleep and
<s> he raping the game
and i don't have any
the transition wasn't so unbearable
had time to start moving
to work tomorrow </s> </s>
i iove you </s> </s>
of never drinking 2 allergy
a conversation i'm addicted now
<s> <s> received link to
one tylershamy i'm staying up
2 in the morning </s>
i need to be up
epitome of hypocrisy </s> </s>
<s> so don't you just
wavy soft too much work
<s> i know you like
to my crib got a
he was trying to say
i know you like it
<s> just chilling cannot sleep
down sunset boulevard without a
watching jade goody's funeral on
and 5th avenue i love
grade 11 movies dinner instead
to eat and park for
see his hotness in the
it was too late baha
chocolate or you'll get too
no :( retweet dani harding
and she was like i'm
<s> <s> it's its so
<s> just because laugh out
in the netherlands please tell
use to be commander in
<s> would you rather have
was like i'm taking you
like i don't think you're
got to louie's </s> </s>
of 144 lucky me (:
got done training hurt my
responses on the mixtape yall
hearing that because i do
that angry about the bank
last 24 hours they seem
as a motherfucker :/ </s>
mom is pissed at me
was pretty straight laugh out
chef you coming to the
should be back by then
can't wait until my friend
my 16th birthday i got
can stop getting lost :)
up in your eye laughing
make it to the quay
